Archive member included to satisfy reference by file (symbol)

app/libapp.a(main.c.obj)      (--whole-archive)
zephyr/libzephyr.a(cbprintf.c.obj)
                              (--whole-archive)
zephyr/libzephyr.a(crc32_sw.c.obj)
                              (--whole-archive)
zephyr/libzephyr.a(crc16_sw.c.obj)
                              (--whole-archive)
zephyr/libzephyr.a(crc8_sw.c.obj)
                              (--whole-archive)
zephyr/libzephyr.a(crc7_sw.c.obj)
                              (--whole-archive)
zephyr/libzephyr.a(dec.c.obj)
                              (--whole-archive)
zephyr/libzephyr.a(fdtable.c.obj)
                              (--whole-archive)
zephyr/libzephyr.a(hex.c.obj)
                              (--whole-archive)
zephyr/libzephyr.a(notify.c.obj)
                              (--whole-archive)
zephyr/libzephyr.a(printk.c.obj)
                              (--whole-archive)
zephyr/libzephyr.a(onoff.c.obj)
                              (--whole-archive)
zephyr/libzephyr.a(rb.c.obj)  (--whole-archive)
zephyr/libzephyr.a(sem.c.obj)
                              (--whole-archive)
zephyr/libzephyr.a(thread_entry.c.obj)
                              (--whole-archive)
zephyr/libzephyr.a(timeutil.c.obj)
                              (--whole-archive)
zephyr/libzephyr.a(work_q.c.obj)
                              (--whole-archive)
zephyr/libzephyr.a(heap.c.obj)
                              (--whole-archive)
zephyr/libzephyr.a(heap-validate.c.obj)
                              (--whole-archive)
zephyr/libzephyr.a(cbprintf_complete.c.obj)
                              (--whole-archive)
zephyr/libzephyr.a(configs.c.obj)
                              (--whole-archive)
zephyr/libzephyr.a(soc.c.obj)
                              (--whole-archive)
zephyr/libzephyr.a(power.c.obj)
                              (--whole-archive)
zephyr/libzephyr.a(validate_base_addresses.c.obj)
                              (--whole-archive)
zephyr/libzephyr.a(validate_enabled_instances.c.obj)
                              (--whole-archive)
zephyr/libzephyr.a(log_list.c.obj)
                              (--whole-archive)
zephyr/libzephyr.a(log_core.c.obj)
                              (--whole-archive)
zephyr/libzephyr.a(log_msg.c.obj)
                              (--whole-archive)
zephyr/libzephyr.a(log_output.c.obj)
                              (--whole-archive)
zephyr/libzephyr.a(log_backend_uart.c.obj)
                              (--whole-archive)
zephyr/libzephyr.a(dis.c.obj)
                              (--whole-archive)
zephyr/libzephyr.a(nvs.c.obj)
                              (--whole-archive)
zephyr/libzephyr.a(rpmsg_backend.c.obj)
                              (--whole-archive)
zephyr/libzephyr.a(rpmsg_service.c.obj)
                              (--whole-archive)
zephyr/libzephyr.a(addr_utils.c.obj)
                              (--whole-archive)
zephyr/libzephyr.a(flash_map.c.obj)
                              (--whole-archive)
zephyr/libzephyr.a(flash_map_default.c.obj)
                              (--whole-archive)
zephyr/libzephyr.a(settings_store.c.obj)
                              (--whole-archive)
zephyr/libzephyr.a(settings.c.obj)
                              (--whole-archive)
zephyr/libzephyr.a(settings_init.c.obj)
                              (--whole-archive)
zephyr/libzephyr.a(settings_line.c.obj)
                              (--whole-archive)
zephyr/libzephyr.a(settings_nvs.c.obj)
                              (--whole-archive)
zephyr/libzephyr.a(power.c.obj)
                              (--whole-archive)
zephyr/libzephyr.a(reboot.c.obj)
                              (--whole-archive)
zephyr/libzephyr.a(policy_residency.c.obj)
                              (--whole-archive)
zephyr/libzephyr.a(uart_console.c.obj)
                              (--whole-archive)
zephyr/libzephyr.a(clock_control_nrf.c.obj)
                              (--whole-archive)
zephyr/libzephyr.a(rpmsg.c.obj)
                              (--whole-archive)
zephyr/libzephyr.a(rpmsg_nrf53.c.obj)
                              (--whole-archive)
zephyr/libzephyr.a(sys_clock_init.c.obj)
                              (--whole-archive)
zephyr/libzephyr.a(nrf_rtc_timer.c.obj)
                              (--whole-archive)
zephyr/libzephyr.a(nrf_cc3xx_platform_abort_zephyr.c.obj)
                              (--whole-archive)
zephyr/libzephyr.a(nrf_cc3xx_platform_mutex_zephyr.c.obj)
                              (--whole-archive)
zephyr/libzephyr.a(utils.c.obj)
                              (--whole-archive)
zephyr/libzephyr.a(aes_decrypt.c.obj)
                              (--whole-archive)
zephyr/libzephyr.a(aes_encrypt.c.obj)
                              (--whole-archive)
zephyr/libzephyr.a(cmac_mode.c.obj)
                              (--whole-archive)
zephyr/libzephyr.a(sha256.c.obj)
                              (--whole-archive)
zephyr/libzephyr.a(hmac.c.obj)
[...]
Memory Configuration

Name             Origin             Length             Attributes
FLASH            0x00000000         0x000fe000         xr
SRAM             0x20000000         0x00070000         xw
IDT_LIST         0x20070000         0x00000800         xw
*default*        0x00000000         0xffffffff

Linker script and memory map

LOAD zephyr/CMakeFiles/zephyr_final.dir/misc/empty_file.c.obj
LOAD zephyr/CMakeFiles/zephyr_final.dir/isr_tables.c.obj
                0x00000020                _region_min_align = 0x20

.rel.plt        0x00000000        0x0
 *(SORT_BY_ALIGNMENT(.rel.plt))
                [!provide]                PROVIDE (__rel_iplt_start = .)
 *(SORT_BY_ALIGNMENT(.rel.iplt))
 .rel.iplt      0x00000000        0x0 zephyr/CMakeFiles/zephyr_final.dir/isr_tables.c.obj
                [!provide]                PROVIDE (__rel_iplt_end = .)

.rela.plt       0x00000000        0x0
 *(SORT_BY_ALIGNMENT(.rela.plt))
                [!provide]                PROVIDE (__rela_iplt_start = .)
 *(SORT_BY_ALIGNMENT(.rela.iplt))
                [!provide]                PROVIDE (__rela_iplt_end = .)

.rel.dyn
 *(SORT_BY_ALIGNMENT(.rel.*))

.rela.dyn
 *(SORT_BY_ALIGNMENT(.rela.*))

/DISCARD/
 *(SORT_BY_ALIGNMENT(.plt))
 *(SORT_BY_ALIGNMENT(.iplt))
 *(SORT_BY_ALIGNMENT(.got.plt))
 *(SORT_BY_ALIGNMENT(.igot.plt))
 *(SORT_BY_ALIGNMENT(.got))
 *(SORT_BY_ALIGNMENT(.igot))
 *(SORT_BY_ALIGNMENT(.irq_info*))
 *(SORT_BY_ALIGNMENT(.intList*))
 *(SORT_BY_ALIGNMENT(.note.GNU-stack))
                0x00000000                _image_rom_start = 0x0

rom_start       0x00000000      0x154
                0x00000000                . = 0x0
                0x00000000                . = ALIGN (0x4)
                0x00000000                . = ALIGN (0x80)
                0x00000000                . = ALIGN (0x200)
                0x00000000                _vector_start = .
 *(SORT_BY_ALIGNMENT(.exc_vector_table))
 *(SORT_BY_ALIGNMENT(.exc_vector_table.*))
 .exc_vector_table._vector_table_section
                0x00000000       0x40 zephyr/arch/arch/arm/core/aarch32/cortex_m/libarch__arm__core__aarch32__cortex_m.a(vector_table.S.obj)
                0x00000000                _vector_table
 *(SORT_BY_ALIGNMENT(.gnu.linkonce.irq_vector_table*))
 .gnu.linkonce.irq_vector_table*
                0x00000040      0x114 zephyr/CMakeFiles/zephyr_final.dir/isr_tables.c.obj
                0x00000040                _irq_vector_table
 *(SORT_BY_ALIGNMENT(.vectors))
                0x00000154                _vector_end = .
 *(SORT_BY_ALIGNMENT(.openocd_dbg))
 *(SORT_BY_ALIGNMENT(.openocd_dbg.*))

text            0x00000158    0x15514
                0x00000158                _image_text_start = .
 *(SORT_BY_ALIGNMENT(.text))
 .text          0x00000158       0x30 c:/users/mafio/ncs/v1.5.0/toolchain/opt/bin/../lib/gcc/arm-none-eabi/9.2.1/thumb/v8-m.main/nofp\libgcc.a(_aeabi_uldivmod.o)
                0x00000158                __aeabi_uldivmod
 .text          0x00000188      0x2c8 c:/users/mafio/ncs/v1.5.0/toolchain/opt/bin/../lib/gcc/arm-none-eabi/9.2.1/thumb/v8-m.main/nofp\libgcc.a(_udivmoddi4.o)
                0x00000188                __udivmoddi4
 .text          0x00000450        0x4 c:/users/mafio/ncs/v1.5.0/toolchain/opt/bin/../lib/gcc/arm-none-eabi/9.2.1/thumb/v8-m.main/nofp\libgcc.a(_dvmd_tls.o)
                0x00000450                __aeabi_idiv0
                0x00000450                __aeabi_ldiv0
 *(SORT_BY_ALIGNMENT(.text.*))
 *fill*         0x00000454        0x4 
 .text.bt_init  0x00000458      0x5e0 zephyr/subsys/bluetooth/host/libsubsys__bluetooth__host.a(hci_core.c.obj)
 .text.disconnected
                0x00000a38        0xc app/libapp.a(main.c.obj)
 .text.connected
                0x00000a44       0x18 app/libapp.a(main.c.obj)
 .text.write_otown
                0x00000a5c       0x88 app/libapp.a(main.c.obj)
 .text.gpio_init
                0x00000ae4       0x48 app/libapp.a(main.c.obj)
                0x00000ae4                gpio_init
 .text.main     0x00000b2c       0x84 app/libapp.a(main.c.obj)
                0x00000b2c                main
 .text.crc8_ccitt
                0x00000bb0       0x30 zephyr/libzephyr.a(crc8_sw.c.obj)
                0x00000bb0                crc8_ccitt
 .text.char_out
                0x00000be0       0x10 zephyr/libzephyr.a(printk.c.obj)
 .text.__printk_hook_install
                0x00000bf0        0xc zephyr/libzephyr.a(printk.c.obj)
                0x00000bf0                __printk_hook_install
 .text.vprintk  0x00000bfc       0x1c zephyr/libzephyr.a(printk.c.obj)
                0x00000bfc                vprintk
 .text.vsnprintk
                0x00000c18       0x28 zephyr/libzephyr.a(printk.c.obj)
                0x00000c18                vsnprintk
 .text.process_event
                0x00000c40      0x1cc zephyr/libzephyr.a(onoff.c.obj)
 .text.cbvprintf
                0x00000e0c      0x780 zephyr/libzephyr.a(cbprintf_complete.c.obj)
                0x00000e0c                cbvprintf
 .text.check_erratum19
                0x0000158c       0x70 zephyr/libzephyr.a(soc.c.obj)
 .text.nrf_gpio_pin_mcu_select.constprop.0
                0x000015fc       0x30 zephyr/libzephyr.a(soc.c.obj)
 .text.nordicsemi_nrf53_init
                0x0000162c       0x4c zephyr/libzephyr.a(soc.c.obj)
 .text.arch_busy_wait
                0x00001678       0x24 zephyr/libzephyr.a(soc.c.obj)
                0x00001678                arch_busy_wait
 .text.enable_logger
                0x0000169c       0x5c zephyr/libzephyr.a(log_core.c.obj)
 .text.log_process_thread_timer_expiry_fn
                0x000016f8        0xc zephyr/libzephyr.a(log_core.c.obj)
 .text.log_core_init
                0x00001704       0x40 zephyr/libzephyr.a(log_core.c.obj)
                0x00001704                log_core_init
 .text.dropped_notify
                0x00001744       0x44 zephyr/libzephyr.a(log_core.c.obj)
                0x00001744                dropped_notify
 .text.log_dropped
                0x00001788       0x18 zephyr/libzephyr.a(log_core.c.obj)
                0x00001788                log_dropped
 .text.log_source_name_get
                0x000017a0       0x1c zephyr/libzephyr.a(log_core.c.obj)
                0x000017a0                log_source_name_get
 .text.log_backend_enable
                0x000017bc       0x34 zephyr/libzephyr.a(log_core.c.obj)
                0x000017bc                log_backend_enable
 .text.log_init
                0x000017f0       0x4c zephyr/libzephyr.a(log_core.c.obj)
                0x000017f0                log_init
 .text.log_strdup
                0x0000183c       0x64 zephyr/libzephyr.a(log_core.c.obj)
                0x0000183c                log_strdup
 .text.log_is_strdup
                0x000018a0       0x1c zephyr/libzephyr.a(log_core.c.obj)
                0x000018a0                log_is_strdup
 .text.z_impl_log_process
                0x000018bc      0x168 zephyr/libzephyr.a(log_core.c.obj)
                0x000018bc                z_impl_log_process
 .text.msg_finalize
                0x00001a24       0xbc zephyr/libzephyr.a(log_core.c.obj)
 .text.log_process_thread_func
                0x00001ae0       0x48 zephyr/libzephyr.a(log_core.c.obj)
 .text.z_impl_log_panic
                0x00001b28       0x48 zephyr/libzephyr.a(log_core.c.obj)
                0x00001b28                z_impl_log_panic
 .text.log_free
                0x00001b70       0x2c zephyr/libzephyr.a(log_core.c.obj)
                0x00001b70                log_free
 .text.log_msg_pool_init
                0x00001b9c       0x14 zephyr/libzephyr.a(log_msg.c.obj)
                0x00001b9c                log_msg_pool_init
 .text.log_msg_no_space_handle
                0x00001bb0       0x30 zephyr/libzephyr.a(log_msg.c.obj)
                0x00001bb0                log_msg_no_space_handle
 .text.log_msg_chunk_alloc
                0x00001be0       0x28 zephyr/libzephyr.a(log_msg.c.obj)
                0x00001be0                log_msg_chunk_alloc
 .text.msg_free
                0x00001c08       0x7c zephyr/libzephyr.a(log_msg.c.obj)
 .text.print_formatted
                0x00001c84       0x24 zephyr/libzephyr.a(log_output.c.obj)
 .text.prefix_print
                0x00001ca8      0x11c zephyr/libzephyr.a(log_output.c.obj)
 .text.postfix_print
                0x00001dc4       0x3c zephyr/libzephyr.a(log_output.c.obj)
 .text.hexdump_line_print
                0x00001e00       0xdc zephyr/libzephyr.a(log_output.c.obj)
 .text.log_output_msg_process
                0x00001edc       0xf8 zephyr/libzephyr.a(log_output.c.obj)
                0x00001edc                log_output_msg_process
 .text.log_output_dropped_process
                0x00001fd4       0x58 zephyr/libzephyr.a(log_output.c.obj)
                0x00001fd4                log_output_dropped_process
 .text.log_output_timestamp_freq_set
                0x0000202c       0x30 zephyr/libzephyr.a(log_output.c.obj)
                0x0000202c                log_output_timestamp_freq_set
 .text.char_out
                0x0000205c       0x24 zephyr/libzephyr.a(log_backend_uart.c.obj)
 .text.panic    0x00002080        0xc zephyr/libzephyr.a(log_backend_uart.c.obj)
 .text.dropped  0x0000208c        0xc zephyr/libzephyr.a(log_backend_uart.c.obj)
 .text.log_backend_uart_init
                0x00002098       0x18 zephyr/libzephyr.a(log_backend_uart.c.obj)
 .text.put      0x000020b0       0x24 zephyr/libzephyr.a(log_backend_uart.c.obj)
 .text.read_pnp_id
                0x000020d4       0x1c zephyr/libzephyr.a(dis.c.obj)
 .text.nvs_recover_last_ate
                0x000020f0       0x60 zephyr/libzephyr.a(nvs.c.obj)
 .text.nvs_gc   0x00002150      0x180 zephyr/libzephyr.a(nvs.c.obj)
 .text.nvs_init
                0x000022d0      0x2cc zephyr/libzephyr.a(nvs.c.obj)
                0x000022d0                nvs_init
 .text.nvs_write
                0x0000259c      0x1c8 zephyr/libzephyr.a(nvs.c.obj)
                0x0000259c                nvs_write
 .text.nvs_read_hist
                0x00002764       0xd0 zephyr/libzephyr.a(nvs.c.obj)
                0x00002764                nvs_read_hist
 .text.virtio_set_status
                0x00002834        0xc zephyr/libzephyr.a(rpmsg_backend.c.obj)
 .text.init_status_flag
                0x00002840        0xc zephyr/libzephyr.a(rpmsg_backend.c.obj)
                0x00002840                init_status_flag
 .text.ipm_callback_process
                0x0000284c        0xc zephyr/libzephyr.a(rpmsg_backend.c.obj)
 .text.virtio_notify
                0x00002858       0x48 zephyr/libzephyr.a(rpmsg_backend.c.obj)
 .text.ipm_callback
                0x000028a0       0x28 zephyr/libzephyr.a(rpmsg_backend.c.obj)
 .text.rpmsg_backend_init
                0x000028c8      0x1f4 zephyr/libzephyr.a(rpmsg_backend.c.obj)
                0x000028c8                rpmsg_backend_init
 .text.ns_bind_cb
                0x00002abc       0xa8 zephyr/libzephyr.a(rpmsg_service.c.obj)
 .text.rpmsg_service_init
                0x00002b64       0x94 zephyr/libzephyr.a(rpmsg_service.c.obj)
 .text.rpmsg_service_register_endpoint
                0x00002bf8       0x5c zephyr/libzephyr.a(rpmsg_service.c.obj)
                0x00002bf8                rpmsg_service_register_endpoint
 .text.rpmsg_service_endpoint_is_bound
                0x00002c54       0x14 zephyr/libzephyr.a(rpmsg_service.c.obj)
                0x00002c54                rpmsg_service_endpoint_is_bound
 .text.rpmsg_service_send
                0x00002c68       0x28 zephyr/libzephyr.a(rpmsg_service.c.obj)
                0x00002c68                rpmsg_service_send
 .text.get_flash_area_from_id
                0x00002c90       0x30 zephyr/libzephyr.a(flash_map.c.obj)
 .text.flash_area_open
                0x00002cc0       0x28 zephyr/libzephyr.a(flash_map.c.obj)
                0x00002cc0                flash_area_open
 .text.flash_area_get_sectors
                0x00002ce8       0x50 zephyr/libzephyr.a(flash_map.c.obj)
                0x00002ce8                flash_area_get_sectors
 .text.settings_save_one
                0x00002d38       0x4c zephyr/libzephyr.a(settings_store.c.obj)
                0x00002d38                settings_save_one
 .text.settings_src_register
                0x00002d84       0x1c zephyr/libzephyr.a(settings_store.c.obj)
                0x00002d84                settings_src_register
 .text.settings_dst_register
                0x00002da0        0xc zephyr/libzephyr.a(settings_store.c.obj)
                0x00002da0                settings_dst_register
 .text.settings_load_subtree
                0x00002dac       0x54 zephyr/libzephyr.a(settings_store.c.obj)
                0x00002dac                settings_load_subtree
 .text.settings_load_subtree_direct
                0x00002e00       0x48 zephyr/libzephyr.a(settings_store.c.obj)
                0x00002e00                settings_load_subtree_direct
 .text.settings_store_init
                0x00002e48       0x10 zephyr/libzephyr.a(settings_store.c.obj)
                0x00002e48                settings_store_init
 .text.settings_init
                0x00002e58       0x10 zephyr/libzephyr.a(settings.c.obj)
                0x00002e58                settings_init
 .text.settings_parse_and_lookup
                0x00002e68       0x94 zephyr/libzephyr.a(settings.c.obj)
                0x00002e68                settings_parse_and_lookup
 .text.settings_call_set_handler
                0x00002efc       0x9c zephyr/libzephyr.a(settings.c.obj)
                0x00002efc                settings_call_set_handler
 .text.settings_commit_subtree
                0x00002f98       0x78 zephyr/libzephyr.a(settings.c.obj)
                0x00002f98                settings_commit_subtree
 .text.settings_subsys_init
                0x00003010       0x20 zephyr/libzephyr.a(settings_init.c.obj)
                0x00003010                settings_subsys_init
 .text.settings_nvs_load
                0x00003030       0xb8 zephyr/libzephyr.a(settings_nvs.c.obj)
 .text.settings_backend_init
                0x000030e8       0x98 zephyr/libzephyr.a(settings_nvs.c.obj)
                0x000030e8                settings_backend_init
 .text.sys_reboot
                0x00003180       0x30 zephyr/libzephyr.a(reboot.c.obj)
                0x00003180                sys_reboot
 .text.uart_console_init
                0x000031b0       0x2c zephyr/libzephyr.a(uart_console.c.obj)
 .text.console_out
                0x000031dc       0x28 zephyr/libzephyr.a(uart_console.c.obj)
 .text.onoff_stop
                0x00003204       0x48 zephyr/libzephyr.a(clock_control_nrf.c.obj)
 .text.onoff_start
                0x0000324c       0x54 zephyr/libzephyr.a(clock_control_nrf.c.obj)
 .text.clk_init
                0x000032a0       0x68 zephyr/libzephyr.a(clock_control_nrf.c.obj)
 .text.clkstarted_handle.constprop.0
                0x00003308       0x34 zephyr/libzephyr.a(clock_control_nrf.c.obj)
 .text.clock_event_handler
                0x0000333c       0x30 zephyr/libzephyr.a(clock_control_nrf.c.obj)
 .text.generic_hfclk_start
                0x0000336c       0x64 zephyr/libzephyr.a(clock_control_nrf.c.obj)
 .text.generic_hfclk_stop
                0x000033d0       0x24 zephyr/libzephyr.a(clock_control_nrf.c.obj)
 .text.api_blocking_start
                0x000033f4       0x3c zephyr/libzephyr.a(clock_control_nrf.c.obj)
 .text.z_nrf_clock_control_lf_on
                0x00003430      0x10c zephyr/libzephyr.a(clock_control_nrf.c.obj)
                0x00003430                z_nrf_clock_control_lf_on
 .text.bt_rpmsg_init
                0x0000353c       0x58 zephyr/libzephyr.a(rpmsg.c.obj)
 .text.bt_rpmsg_send
                0x00003594       0x68 zephyr/libzephyr.a(rpmsg.c.obj)
 .text.bt_rpmsg_rx
                0x000035fc      0x1fc zephyr/libzephyr.a(rpmsg.c.obj)
                0x000035fc                bt_rpmsg_rx
 .text.bt_rpmsg_platform_init
                0x000037f8       0x4c zephyr/libzephyr.a(rpmsg_nrf53.c.obj)
                0x000037f8                bt_rpmsg_platform_init
 .text.bt_rpmsg_platform_send
                0x00003844       0x10 zephyr/libzephyr.a(rpmsg_nrf53.c.obj)
                0x00003844                bt_rpmsg_platform_send
 .text.bt_rpmsg_platform_endpoint_is_bound
                0x00003854       0x10 zephyr/libzephyr.a(rpmsg_nrf53.c.obj)
                0x00003854                bt_rpmsg_platform_endpoint_is_bound
 .text.sys_clock_timeout_handler
                0x00003864       0x18 zephyr/libzephyr.a(nrf_rtc_timer.c.obj)
 .text.set_absolute_alarm
                0x0000387c       0x98 zephyr/libzephyr.a(nrf_rtc_timer.c.obj)
 .text.rtc_nrf_isr
                0x00003914       0x50 zephyr/libzephyr.a(nrf_rtc_timer.c.obj)
                0x00003914                rtc_nrf_isr
 .text.z_clock_driver_init
                0x00003964       0x54 zephyr/libzephyr.a(nrf_rtc_timer.c.obj)
                0x00003964                z_clock_driver_init
 .text.z_clock_set_timeout
                0x000039b8       0x64 zephyr/libzephyr.a(nrf_rtc_timer.c.obj)
                0x000039b8                z_clock_set_timeout
 .text.z_clock_elapsed
                0x00003a1c       0x34 zephyr/libzephyr.a(nrf_rtc_timer.c.obj)
                0x00003a1c                z_clock_elapsed
 .text.z_timer_cycle_get_32
                0x00003a50       0x34 zephyr/libzephyr.a(nrf_rtc_timer.c.obj)
                0x00003a50                z_timer_cycle_get_32
 .text.nrf_cc3xx_platform_abort_init
                0x00003a84        0xc zephyr/libzephyr.a(nrf_cc3xx_platform_abort_zephyr.c.obj)
                0x00003a84                nrf_cc3xx_platform_abort_init
 .text.mutex_unlock_platform
                0x00003a90       0x60 zephyr/libzephyr.a(nrf_cc3xx_platform_mutex_zephyr.c.obj)
 .text.mutex_free_platform
                0x00003af0       0x48 zephyr/libzephyr.a(nrf_cc3xx_platform_mutex_zephyr.c.obj)
 .text.mutex_init_platform
                0x00003b38       0x70 zephyr/libzephyr.a(nrf_cc3xx_platform_mutex_zephyr.c.obj)
 .text.mutex_lock_platform
                0x00003ba8       0x68 zephyr/libzephyr.a(nrf_cc3xx_platform_mutex_zephyr.c.obj)
 .text.nrf_cc3xx_platform_mutex_init
                0x00003c10       0x2c zephyr/libzephyr.a(nrf_cc3xx_platform_mutex_zephyr.c.obj)
                0x00003c10                nrf_cc3xx_platform_mutex_init
 .text.tc_aes128_set_encrypt_key
                0x00003c3c       0xa8 zephyr/libzephyr.a(aes_encrypt.c.obj)
                0x00003c3c                tc_aes128_set_encrypt_key
 .text.tc_aes_encrypt
                0x00003ce4       0xd4 zephyr/libzephyr.a(aes_encrypt.c.obj)
                0x00003ce4                tc_aes_encrypt
 .text.compress
                0x00003db8      0x1cc zephyr/libzephyr.a(sha256.c.obj)
 .text.tc_sha256_init
                0x00003f84       0x58 zephyr/libzephyr.a(sha256.c.obj)
                0x00003f84                tc_sha256_init
 .text.arch_swap
                0x00003fdc       0x38 zephyr/arch/arch/arm/core/aarch32/libarch__arm__core__aarch32.a(swap.c.obj)
                0x00003fdc                arch_swap
 .text.z_arm_pendsv
                0x00004014       0x58 zephyr/arch/arch/arm/core/aarch32/libarch__arm__core__aarch32.a(swap_helper.S.obj)
                0x00004014                z_arm_pendsv
 .text.z_arm_svc
                0x0000406c       0x20 zephyr/arch/arch/arm/core/aarch32/libarch__arm__core__aarch32.a(swap_helper.S.obj)
                0x0000406c                z_arm_svc
 .text.arch_irq_enable
                0x0000408c       0x20 zephyr/arch/arch/arm/core/aarch32/libarch__arm__core__aarch32.a(irq_manage.c.obj)
                0x0000408c                arch_irq_enable
 .text.arch_irq_is_enabled
                0x000040ac       0x1c zephyr/arch/arch/arm/core/aarch32/libarch__arm__core__aarch32.a(irq_manage.c.obj)
                0x000040ac                arch_irq_is_enabled
 .text.z_arm_irq_priority_set
                0x000040c8       0x2c zephyr/arch/arch/arm/core/aarch32/libarch__arm__core__aarch32.a(irq_manage.c.obj)
                0x000040c8                z_arm_irq_priority_set
 .text.arch_new_thread
                0x000040f4       0x38 zephyr/arch/arch/arm/core/aarch32/libarch__arm__core__aarch32.a(thread.c.obj)
                0x000040f4                arch_new_thread
 .text.arch_switch_to_main_thread
                0x0000412c       0x34 zephyr/arch/arch/arm/core/aarch32/libarch__arm__core__aarch32.a(thread.c.obj)
                0x0000412c                arch_switch_to_main_thread
 .text.z_arm_cpu_idle_init
                0x00004160        0xc zephyr/arch/arch/arm/core/aarch32/libarch__arm__core__aarch32.a(cpu_idle.S.obj)
                0x00004160                z_arm_cpu_idle_init
 .text.arch_cpu_idle
                0x0000416c       0x1c zephyr/arch/arch/arm/core/aarch32/libarch__arm__core__aarch32.a(cpu_idle.S.obj)
                0x0000416c                arch_cpu_idle
 .text.arch_cpu_atomic_idle
                0x00004188       0x14 zephyr/arch/arch/arm/core/aarch32/libarch__arm__core__aarch32.a(cpu_idle.S.obj)
                0x00004188                arch_cpu_atomic_idle
 .text.z_arm_fatal_error
                0x0000419c       0x70 zephyr/arch/arch/arm/core/aarch32/libarch__arm__core__aarch32.a(fatal.c.obj)
                0x0000419c                z_arm_fatal_error
 .text.z_SysNmiOnReset
                0x0000420c        0x8 zephyr/arch/arch/arm/core/aarch32/libarch__arm__core__aarch32.a(nmi_on_reset.S.obj)
                0x0000420c                z_SysNmiOnReset
 .text.z_arm_prep_c
                0x00004214       0x44 zephyr/arch/arch/arm/core/aarch32/libarch__arm__core__aarch32.a(prep_c.c.obj)
                0x00004214                z_arm_prep_c
 .text._isr_wrapper
                0x00004258       0x40 zephyr/arch/arch/arm/core/aarch32/libarch__arm__core__aarch32.a(isr_wrapper.S.obj)
                0x00004258                _isr_wrapper
 .text._reset_section
                0x00004298       0x30 zephyr/arch/arch/arm/core/aarch32/cortex_m/libarch__arm__core__aarch32__cortex_m.a(reset.S.obj)
                0x00004298                __start
                0x00004298                z_arm_reset
 .text.__fault  0x000042c8       0x14 zephyr/arch/arch/arm/core/aarch32/cortex_m/libarch__arm__core__aarch32__cortex_m.a(fault_s.S.obj)
                0x000042c8                z_arm_usage_fault
                0x000042c8                z_arm_mpu_fault
                0x000042c8                z_arm_exc_spurious
                0x000042c8                z_arm_debug_monitor
                0x000042c8                z_arm_hard_fault
                0x000042c8                z_arm_bus_fault
 .text.usage_fault.isra.0
                0x000042dc       0xd0 zephyr/arch/arch/arm/core/aarch32/cortex_m/libarch__arm__core__aarch32__cortex_m.a(fault.c.obj)
 .text.mem_manage_fault.isra.0
                0x000043ac       0xd0 zephyr/arch/arch/arm/core/aarch32/cortex_m/libarch__arm__core__aarch32__cortex_m.a(fault.c.obj)
 .text.bus_fault.isra.0
                0x0000447c       0xdc zephyr/arch/arch/arm/core/aarch32/cortex_m/libarch__arm__core__aarch32__cortex_m.a(fault.c.obj)
 .text.z_arm_fault
                0x00004558      0x198 zephyr/arch/arch/arm/core/aarch32/cortex_m/libarch__arm__core__aarch32__cortex_m.a(fault.c.obj)
                0x00004558                z_arm_fault
 .text.z_arm_fault_init
                0x000046f0       0x18 zephyr/arch/arch/arm/core/aarch32/cortex_m/libarch__arm__core__aarch32__cortex_m.a(fault.c.obj)
                0x000046f0                z_arm_fault_init
 .text._HandlerModeExit
                0x00004708       0x1c zephyr/arch/arch/arm/core/aarch32/cortex_m/libarch__arm__core__aarch32__cortex_m.a(exc_exit.S.obj)
                0x00004708                z_arm_int_exit
                0x00004708                z_arm_exc_exit
 .text.sys_arch_reboot
                0x00004724       0x24 zephyr/arch/arch/arm/core/aarch32/cortex_m/libarch__arm__core__aarch32__cortex_m.a(scb.c.obj)
                0x00004724                sys_arch_reboot
 .text.z_arm_interrupt_init
                0x00004748       0x18 zephyr/arch/arch/arm/core/aarch32/cortex_m/libarch__arm__core__aarch32__cortex_m.a(irq_init.c.obj)
                0x00004748                z_arm_interrupt_init
 .text.z_impl_k_thread_abort
                0x00004760       0x44 zephyr/arch/arch/arm/core/aarch32/cortex_m/libarch__arm__core__aarch32__cortex_m.a(thread_abort.c.obj)
                0x00004760                z_impl_k_thread_abort
 .text.z_arm_configure_static_mpu_regions
                0x000047a4       0x38 zephyr/arch/arch/arm/core/aarch32/cortex_m/mpu/libarch__arm__core__aarch32__cortex_m__mpu.a(arm_core_mpu.c.obj)
                0x000047a4                z_arm_configure_static_mpu_regions
 .text.region_init
                0x000047dc       0x30 zephyr/arch/arch/arm/core/aarch32/cortex_m/mpu/libarch__arm__core__aarch32__cortex_m__mpu.a(arm_mpu.c.obj)
 .text.region_allocate_and_init
                0x0000480c       0x34 zephyr/arch/arch/arm/core/aarch32/cortex_m/mpu/libarch__arm__core__aarch32__cortex_m__mpu.a(arm_mpu.c.obj)
 .text.mpu_configure_regions_and_partition.constprop.0
                0x00004840      0x174 zephyr/arch/arch/arm/core/aarch32/cortex_m/mpu/libarch__arm__core__aarch32__cortex_m__mpu.a(arm_mpu.c.obj)
 .text.arm_core_mpu_enable
                0x000049b4       0x14 zephyr/arch/arch/arm/core/aarch32/cortex_m/mpu/libarch__arm__core__aarch32__cortex_m__mpu.a(arm_mpu.c.obj)
                0x000049b4                arm_core_mpu_enable
 .text.arm_core_mpu_disable
                0x000049c8       0x10 zephyr/arch/arch/arm/core/aarch32/cortex_m/mpu/libarch__arm__core__aarch32__cortex_m__mpu.a(arm_mpu.c.obj)
                0x000049c8                arm_core_mpu_disable
 .text.arm_mpu_init
                0x000049d8       0x4c zephyr/arch/arch/arm/core/aarch32/cortex_m/mpu/libarch__arm__core__aarch32__cortex_m__mpu.a(arm_mpu.c.obj)
 .text.arm_core_mpu_configure_static_mpu_regions
                0x00004a24       0x14 zephyr/arch/arch/arm/core/aarch32/cortex_m/mpu/libarch__arm__core__aarch32__cortex_m__mpu.a(arm_mpu.c.obj)
                0x00004a24                arm_core_mpu_configure_static_mpu_regions
 .text.arm_core_mpu_mark_areas_for_dynamic_regions
                0x00004a38       0xac zephyr/arch/arch/arm/core/aarch32/cortex_m/mpu/libarch__arm__core__aarch32__cortex_m__mpu.a(arm_mpu.c.obj)
                0x00004a38                arm_core_mpu_mark_areas_for_dynamic_regions
 .text.__stdout_hook_install
                0x00004ae4        0xc zephyr/lib/libc/minimal/liblib__libc__minimal.a(stdout_console.c.obj)
                0x00004ae4                __stdout_hook_install
 .text.remoteproc_mgr_boot
                0x00004af0       0x34 zephyr/boards/arm/nrf5340dk_nrf5340/libboards__arm__nrf5340dk_nrf5340.a(nrf5340_cpunet_reset.c.obj)
 .text.bt_hex_real
                0x00004b24       0x44 zephyr/subsys/bluetooth/common/libsubsys__bluetooth__common.a(log.c.obj)
                0x00004b24                bt_hex_real
 .text.bt_addr_le_str_real
                0x00004b68       0x7c zephyr/subsys/bluetooth/common/libsubsys__bluetooth__common.a(log.c.obj)
                0x00004b68                bt_addr_le_str_real
 .text.save_id  0x00004be4       0x78 zephyr/subsys/bluetooth/host/libsubsys__bluetooth__host.a(settings.c.obj)
 .text.set      0x00004c5c      0x14c zephyr/subsys/bluetooth/host/libsubsys__bluetooth__host.a(settings.c.obj)
 .text.bt_settings_encode_key
                0x00004da8       0x60 zephyr/subsys/bluetooth/host/libsubsys__bluetooth__host.a(settings.c.obj)
                0x00004da8                bt_settings_encode_key
 .text.bt_settings_save_id
                0x00004e08       0x28 zephyr/subsys/bluetooth/host/libsubsys__bluetooth__host.a(settings.c.obj)
                0x00004e08                bt_settings_save_id
 .text.commit   0x00004e30       0x80 zephyr/subsys/bluetooth/host/libsubsys__bluetooth__host.a(settings.c.obj)
 .text.bt_settings_init
                0x00004eb0       0x30 zephyr/subsys/bluetooth/host/libsubsys__bluetooth__host.a(settings.c.obj)
                0x00004eb0                bt_settings_init
 .text.uuid_to_uuid128
                0x00004ee0       0x7c zephyr/subsys/bluetooth/host/libsubsys__bluetooth__host.a(uuid.c.obj)
 .text.bt_buf_get_rx
                0x00004f5c       0x2c zephyr/subsys/bluetooth/host/libsubsys__bluetooth__host.a(buf.c.obj)
                0x00004f5c                bt_buf_get_rx
 .text.bt_buf_get_cmd_complete
                0x00004f88       0x4c zephyr/subsys/bluetooth/host/libsubsys__bluetooth__host.a(buf.c.obj)
                0x00004f88                bt_buf_get_cmd_complete
 .text.bt_buf_get_evt
                0x00004fd4       0x54 zephyr/subsys/bluetooth/host/libsubsys__bluetooth__host.a(buf.c.obj)
                0x00004fd4                bt_buf_get_evt
 .text.le_dhkey_complete
                0x00005028       0x1c zephyr/subsys/bluetooth/host/libsubsys__bluetooth__host.a(hci_core.c.obj)
 .text.ver_str  0x00005044       0x38 zephyr/subsys/bluetooth/host/libsubsys__bluetooth__host.a(hci_core.c.obj)
 .text.hci_data_buf_overflow
                0x0000507c       0x24 zephyr/subsys/bluetooth/host/libsubsys__bluetooth__host.a(hci_core.c.obj)
 .text.id_find  0x000050a0       0x30 zephyr/subsys/bluetooth/host/libsubsys__bluetooth__host.a(hci_core.c.obj)
 .text.valid_adv_param
                0x000050d0       0x90 zephyr/subsys/bluetooth/host/libsubsys__bluetooth__host.a(hci_core.c.obj)
 .text.le_pkey_complete
                0x00005160       0x50 zephyr/subsys/bluetooth/host/libsubsys__bluetooth__host.a(hci_core.c.obj)
 .text.unpair   0x000051b0       0x6c zephyr/subsys/bluetooth/host/libsubsys__bluetooth__host.a(hci_core.c.obj)
 .text.le_data_len_change
                0x0000521c       0x3c zephyr/subsys/bluetooth/host/libsubsys__bluetooth__host.a(hci_core.c.obj)
 .text.hci_disconn_complete_prio
                0x00005258       0x50 zephyr/subsys/bluetooth/host/libsubsys__bluetooth__host.a(hci_core.c.obj)
 .text.hci_disconn_complete
                0x000052a8       0x54 zephyr/subsys/bluetooth/host/libsubsys__bluetooth__host.a(hci_core.c.obj)
 .text.hci_hardware_error
                0x000052fc       0x30 zephyr/subsys/bluetooth/host/libsubsys__bluetooth__host.a(hci_core.c.obj)
 .text.hci_vendor_event
                0x0000532c       0x38 zephyr/subsys/bluetooth/host/libsubsys__bluetooth__host.a(hci_core.c.obj)
 .text.le_conn_update_complete
                0x00005364       0x98 zephyr/subsys/bluetooth/host/libsubsys__bluetooth__host.a(hci_core.c.obj)
 .text.id_create
                0x000053fc       0xb0 zephyr/subsys/bluetooth/host/libsubsys__bluetooth__host.a(hci_core.c.obj)
 .text.update_sec_level
                0x000054ac       0x64 zephyr/subsys/bluetooth/host/libsubsys__bluetooth__host.a(hci_core.c.obj)
 .text.hci_encrypt_key_refresh_complete
                0x00005510       0x70 zephyr/subsys/bluetooth/host/libsubsys__bluetooth__host.a(hci_core.c.obj)
 .text.hci_encrypt_change
                0x00005580       0x78 zephyr/subsys/bluetooth/host/libsubsys__bluetooth__host.a(hci_core.c.obj)
 .text.find_pending_connect.part.0
                0x000055f8       0x3c zephyr/subsys/bluetooth/host/libsubsys__bluetooth__host.a(hci_core.c.obj)
 .text.hci_cmd_done
                0x00005634       0xf4 zephyr/subsys/bluetooth/host/libsubsys__bluetooth__host.a(hci_core.c.obj)
 .text.handle_event
                0x00005728       0x84 zephyr/subsys/bluetooth/host/libsubsys__bluetooth__host.a(hci_core.c.obj)
 .text.hci_rx_thread
                0x000057ac      0x150 zephyr/subsys/bluetooth/host/libsubsys__bluetooth__host.a(hci_core.c.obj)
 .text.hci_le_meta_event
                0x000058fc       0x20 zephyr/subsys/bluetooth/host/libsubsys__bluetooth__host.a(hci_core.c.obj)
 .text.le_rpa_invalidate
                0x0000591c       0x38 zephyr/subsys/bluetooth/host/libsubsys__bluetooth__host.a(hci_core.c.obj)
 .text.hci_num_completed_packets
                0x00005954      0x110 zephyr/subsys/bluetooth/host/libsubsys__bluetooth__host.a(hci_core.c.obj)
 .text.le_adv_start_add_conn
                0x00005a64       0xa8 zephyr/subsys/bluetooth/host/libsubsys__bluetooth__host.a(hci_core.c.obj)
 .text.hci_cmd_status
                0x00005b0c       0x2c zephyr/subsys/bluetooth/host/libsubsys__bluetooth__host.a(hci_core.c.obj)
 .text.hci_cmd_complete
                0x00005b38       0x30 zephyr/subsys/bluetooth/host/libsubsys__bluetooth__host.a(hci_core.c.obj)
 .text.bt_hci_cmd_create
                0x00005b68       0x70 zephyr/subsys/bluetooth/host/libsubsys__bluetooth__host.a(hci_core.c.obj)
                0x00005b68                bt_hci_cmd_create
 .text.bt_hci_cmd_send_sync
                0x00005bd8       0xf0 zephyr/subsys/bluetooth/host/libsubsys__bluetooth__host.a(hci_core.c.obj)
                0x00005bd8                bt_hci_cmd_send_sync
 .text.set_random_address
                0x00005cc8       0x5c zephyr/subsys/bluetooth/host/libsubsys__bluetooth__host.a(hci_core.c.obj)
 .text.le_set_private_addr
                0x00005d24       0x6c zephyr/subsys/bluetooth/host/libsubsys__bluetooth__host.a(hci_core.c.obj)
 .text.le_adv_set_random_addr.isra.0
                0x00005d90       0xbc zephyr/subsys/bluetooth/host/libsubsys__bluetooth__host.a(hci_core.c.obj)
 .text.set_le_adv_enable_legacy
                0x00005e4c       0x58 zephyr/subsys/bluetooth/host/libsubsys__bluetooth__host.a(hci_core.c.obj)
 .text.le_update_private_addr
                0x00005ea4       0x7c zephyr/subsys/bluetooth/host/libsubsys__bluetooth__host.a(hci_core.c.obj)
 .text.rpa_timeout
                0x00005f20       0x4c zephyr/subsys/bluetooth/host/libsubsys__bluetooth__host.a(hci_core.c.obj)
 .text.hci_le_read_max_data_len
                0x00005f6c       0x54 zephyr/subsys/bluetooth/host/libsubsys__bluetooth__host.a(hci_core.c.obj)
 .text.hci_id_add
                0x00005fc0       0x64 zephyr/subsys/bluetooth/host/libsubsys__bluetooth__host.a(hci_core.c.obj)
 .text.hci_set_ad
                0x00006024       0xe4 zephyr/subsys/bluetooth/host/libsubsys__bluetooth__host.a(hci_core.c.obj)
 .text.le_adv_update.constprop.0
                0x00006108       0xe8 zephyr/subsys/bluetooth/host/libsubsys__bluetooth__host.a(hci_core.c.obj)
 .text.bt_unpair
                0x000061f0       0x4c zephyr/subsys/bluetooth/host/libsubsys__bluetooth__host.a(hci_core.c.obj)
                0x000061f0                bt_unpair
 .text.bt_id_add
                0x0000623c      0x19c zephyr/subsys/bluetooth/host/libsubsys__bluetooth__host.a(hci_core.c.obj)
                0x0000623c                bt_id_add
 .text.bt_id_del
                0x000063d8      0x138 zephyr/subsys/bluetooth/host/libsubsys__bluetooth__host.a(hci_core.c.obj)
                0x000063d8                bt_id_del
 .text.bt_send  0x00006510       0x10 zephyr/subsys/bluetooth/host/libsubsys__bluetooth__host.a(hci_core.c.obj)
                0x00006510                bt_send
 .text.bt_hci_cmd_send
                0x00006520       0x64 zephyr/subsys/bluetooth/host/libsubsys__bluetooth__host.a(hci_core.c.obj)
                0x00006520                bt_hci_cmd_send
 .text.bt_hci_host_num_completed_packets
                0x00006584       0xe0 zephyr/subsys/bluetooth/host/libsubsys__bluetooth__host.a(hci_core.c.obj)
                0x00006584                bt_hci_host_num_completed_packets
 .text.le_ltk_request
                0x00006664       0xc0 zephyr/subsys/bluetooth/host/libsubsys__bluetooth__host.a(hci_core.c.obj)
 .text.conn_auto_initiate
                0x00006724       0xf4 zephyr/subsys/bluetooth/host/libsubsys__bluetooth__host.a(hci_core.c.obj)
 .text.le_phy_update_complete
                0x00006818       0x64 zephyr/subsys/bluetooth/host/libsubsys__bluetooth__host.a(hci_core.c.obj)
 .text.le_remote_feat_complete
                0x0000687c       0x60 zephyr/subsys/bluetooth/host/libsubsys__bluetooth__host.a(hci_core.c.obj)
 .text.le_conn_param_neg_reply
                0x000068dc       0x54 zephyr/subsys/bluetooth/host/libsubsys__bluetooth__host.a(hci_core.c.obj)
 .text.le_conn_param_req
                0x00006930       0xd0 zephyr/subsys/bluetooth/host/libsubsys__bluetooth__host.a(hci_core.c.obj)
 .text.hci_tx_thread
                0x00006a00      0x188 zephyr/subsys/bluetooth/host/libsubsys__bluetooth__host.a(hci_core.c.obj)
 .text.hci_event_prio
                0x00006b88       0xa4 zephyr/subsys/bluetooth/host/libsubsys__bluetooth__host.a(hci_core.c.obj)
                0x00006b88                hci_event_prio
 .text.bt_recv  0x00006c2c       0x68 zephyr/subsys/bluetooth/host/libsubsys__bluetooth__host.a(hci_core.c.obj)
                0x00006c2c                bt_recv
 .text.bt_hci_driver_register
                0x00006c94       0x28 zephyr/subsys/bluetooth/host/libsubsys__bluetooth__host.a(hci_core.c.obj)
                0x00006c94                bt_hci_driver_register
 .text.bt_finalize_init
                0x00006cbc       0xd8 zephyr/subsys/bluetooth/host/libsubsys__bluetooth__host.a(hci_core.c.obj)
                0x00006cbc                bt_finalize_init
 .text.init_work
                0x00006d94       0x18 zephyr/subsys/bluetooth/host/libsubsys__bluetooth__host.a(hci_core.c.obj)
 .text.bt_enable
                0x00006dac      0x130 zephyr/subsys/bluetooth/host/libsubsys__bluetooth__host.a(hci_core.c.obj)
                0x00006dac                bt_enable
 .text.bt_set_name
                0x00006edc       0xa4 zephyr/subsys/bluetooth/host/libsubsys__bluetooth__host.a(hci_core.c.obj)
                0x00006edc                bt_set_name
 .text.bt_get_name
                0x00006f80        0x8 zephyr/subsys/bluetooth/host/libsubsys__bluetooth__host.a(hci_core.c.obj)
                0x00006f80                bt_get_name
 .text.bt_id_create
                0x00006f88       0x88 zephyr/subsys/bluetooth/host/libsubsys__bluetooth__host.a(hci_core.c.obj)
                0x00006f88                bt_id_create
 .text.bt_setup_public_id_addr
                0x00007010      0x108 zephyr/subsys/bluetooth/host/libsubsys__bluetooth__host.a(hci_core.c.obj)
                0x00007010                bt_setup_public_id_addr
 .text.bt_read_static_addr
                0x00007118       0xb4 zephyr/subsys/bluetooth/host/libsubsys__bluetooth__host.a(hci_core.c.obj)
                0x00007118                bt_read_static_addr
 .text.bt_setup_random_id_addr
                0x000071cc       0x94 zephyr/subsys/bluetooth/host/libsubsys__bluetooth__host.a(hci_core.c.obj)
                0x000071cc                bt_setup_random_id_addr
 .text.bt_le_adv_start_legacy
                0x00007260      0x234 zephyr/subsys/bluetooth/host/libsubsys__bluetooth__host.a(hci_core.c.obj)
                0x00007260                bt_le_adv_start_legacy
 .text.bt_le_adv_start
                0x00007494       0x1c zephyr/subsys/bluetooth/host/libsubsys__bluetooth__host.a(hci_core.c.obj)
                0x00007494                bt_le_adv_start
 .text.bt_le_adv_stop
                0x000074b0       0x98 zephyr/subsys/bluetooth/host/libsubsys__bluetooth__host.a(hci_core.c.obj)
                0x000074b0                bt_le_adv_stop
 .text.bt_le_adv_resume
                0x00007548       0x8c zephyr/subsys/bluetooth/host/libsubsys__bluetooth__host.a(hci_core.c.obj)
                0x00007548                bt_le_adv_resume
 .text.enh_conn_complete
                0x000075d4      0x204 zephyr/subsys/bluetooth/host/libsubsys__bluetooth__host.a(hci_core.c.obj)
 .text.le_legacy_conn_complete
                0x000077d8       0x70 zephyr/subsys/bluetooth/host/libsubsys__bluetooth__host.a(hci_core.c.obj)
 .text.bt_pub_key_gen
                0x00007848       0xa0 zephyr/subsys/bluetooth/host/libsubsys__bluetooth__host.a(hci_core.c.obj)
                0x00007848                bt_pub_key_gen
 .text.bt_pub_key_get
                0x000078e8       0x1c zephyr/subsys/bluetooth/host/libsubsys__bluetooth__host.a(hci_core.c.obj)
                0x000078e8                bt_pub_key_get
 .text.bt_dh_key_gen
                0x00007904       0x7c zephyr/subsys/bluetooth/host/libsubsys__bluetooth__host.a(hci_core.c.obj)
                0x00007904                bt_dh_key_gen
 .text.prng_reseed.constprop.0
                0x00007980       0x98 zephyr/subsys/bluetooth/host/libsubsys__bluetooth__host.a(crypto.c.obj)
 .text.prng_init
                0x00007a18       0x70 zephyr/subsys/bluetooth/host/libsubsys__bluetooth__host.a(crypto.c.obj)
                0x00007a18                prng_init
 .text.bt_rand  0x00007a88       0x30 zephyr/subsys/bluetooth/host/libsubsys__bluetooth__host.a(crypto.c.obj)
                0x00007a88                bt_rand
 .text.tx_free  0x00007ab8       0x14 zephyr/subsys/bluetooth/host/libsubsys__bluetooth__host.a(conn.c.obj)
 .text.notify_connected
                0x00007acc       0x2c zephyr/subsys/bluetooth/host/libsubsys__bluetooth__host.a(conn.c.obj)
 .text.send_frag
                0x00007af8      0x138 zephyr/subsys/bluetooth/host/libsubsys__bluetooth__host.a(conn.c.obj)
 .text.bt_conn_get_pkts
                0x00007c30        0x8 zephyr/subsys/bluetooth/host/libsubsys__bluetooth__host.a(conn.c.obj)
                0x00007c30                bt_conn_get_pkts
 .text.notify_le_param_updated
                0x00007c38       0x60 zephyr/subsys/bluetooth/host/libsubsys__bluetooth__host.a(conn.c.obj)
                0x00007c38                notify_le_param_updated
 .text.le_param_req
                0x00007c98       0x40 zephyr/subsys/bluetooth/host/libsubsys__bluetooth__host.a(conn.c.obj)
                0x00007c98                le_param_req
 .text.bt_conn_identity_resolved
                0x00007cd8       0x34 zephyr/subsys/bluetooth/host/libsubsys__bluetooth__host.a(conn.c.obj)
                0x00007cd8                bt_conn_identity_resolved
 .text.bt_conn_security_changed
                0x00007d0c       0x48 zephyr/subsys/bluetooth/host/libsubsys__bluetooth__host.a(conn.c.obj)
                0x00007d0c                bt_conn_security_changed
 .text.bt_conn_cb_register
                0x00007d54       0x10 zephyr/subsys/bluetooth/host/libsubsys__bluetooth__host.a(conn.c.obj)
                0x00007d54                bt_conn_cb_register
 .text.conn_cleanup
                0x00007d64       0x44 zephyr/subsys/bluetooth/host/libsubsys__bluetooth__host.a(conn.c.obj)
 .text.bt_conn_recv
                0x00007da8      0x114 zephyr/subsys/bluetooth/host/libsubsys__bluetooth__host.a(conn.c.obj)
                0x00007da8                bt_conn_recv
 .text.bt_conn_send_cb
                0x00007ebc       0xd8 zephyr/subsys/bluetooth/host/libsubsys__bluetooth__host.a(conn.c.obj)
                0x00007ebc                bt_conn_send_cb
 .text.bt_conn_prepare_events
                0x00007f94       0x70 zephyr/subsys/bluetooth/host/libsubsys__bluetooth__host.a(conn.c.obj)
                0x00007f94                bt_conn_prepare_events
 .text.bt_conn_add_le
                0x00008004       0x5c zephyr/subsys/bluetooth/host/libsubsys__bluetooth__host.a(conn.c.obj)
                0x00008004                bt_conn_add_le
 .text.bt_conn_lookup_handle
                0x00008060       0x18 zephyr/subsys/bluetooth/host/libsubsys__bluetooth__host.a(conn.c.obj)
                0x00008060                bt_conn_lookup_handle
 .text.bt_conn_set_state
                0x00008078      0x1d8 zephyr/subsys/bluetooth/host/libsubsys__bluetooth__host.a(conn.c.obj)
                0x00008078                bt_conn_set_state
 .text.bt_conn_lookup_addr_le
                0x00008250       0x3c zephyr/subsys/bluetooth/host/libsubsys__bluetooth__host.a(conn.c.obj)
                0x00008250                bt_conn_lookup_addr_le
 .text.bt_conn_exists_le
                0x0000828c       0x50 zephyr/subsys/bluetooth/host/libsubsys__bluetooth__host.a(conn.c.obj)
                0x0000828c                bt_conn_exists_le
 .text.bt_conn_lookup_state_le
                0x000082dc       0x48 zephyr/subsys/bluetooth/host/libsubsys__bluetooth__host.a(conn.c.obj)
                0x000082dc                bt_conn_lookup_state_le
 .text.bt_conn_disconnect
                0x00008324       0x78 zephyr/subsys/bluetooth/host/libsubsys__bluetooth__host.a(conn.c.obj)
                0x00008324                bt_conn_disconnect
 .text.send_conn_le_param_update
                0x0000839c       0x5c zephyr/subsys/bluetooth/host/libsubsys__bluetooth__host.a(conn.c.obj)
 .text.deferred_work
                0x000083f8       0x8c zephyr/subsys/bluetooth/host/libsubsys__bluetooth__host.a(conn.c.obj)
 .text.bt_conn_create_pdu_timeout
                0x00008484       0x48 zephyr/subsys/bluetooth/host/libsubsys__bluetooth__host.a(conn.c.obj)
                0x00008484                bt_conn_create_pdu_timeout
 .text.bt_conn_create_frag_timeout
                0x000084cc        0xc zephyr/subsys/bluetooth/host/libsubsys__bluetooth__host.a(conn.c.obj)
                0x000084cc                bt_conn_create_frag_timeout
 .text.create_frag.isra.0
                0x000084d8       0x6c zephyr/subsys/bluetooth/host/libsubsys__bluetooth__host.a(conn.c.obj)
 .text.bt_conn_process_tx
                0x00008544       0xc8 zephyr/subsys/bluetooth/host/libsubsys__bluetooth__host.a(conn.c.obj)
                0x00008544                bt_conn_process_tx
 .text.bt_conn_index
                0x0000860c       0x18 zephyr/subsys/bluetooth/host/libsubsys__bluetooth__host.a(conn.c.obj)
                0x0000860c                bt_conn_index
 .text.bt_conn_lookup_index
                0x00008624       0x10 zephyr/subsys/bluetooth/host/libsubsys__bluetooth__host.a(conn.c.obj)
                0x00008624                bt_conn_lookup_index
 .text.bt_conn_init
                0x00008634       0x40 zephyr/subsys/bluetooth/host/libsubsys__bluetooth__host.a(conn.c.obj)
                0x00008634                bt_conn_init
 .text.l2cap_accept
                0x00008674       0x44 zephyr/subsys/bluetooth/host/libsubsys__bluetooth__host.a(l2cap.c.obj)
 .text.l2cap_create_le_sig_pdu.isra.0
                0x000086b8       0x50 zephyr/subsys/bluetooth/host/libsubsys__bluetooth__host.a(l2cap.c.obj)
 .text.l2cap_rtx_timeout
                0x00008708       0x3c zephyr/subsys/bluetooth/host/libsubsys__bluetooth__host.a(l2cap.c.obj)
 .text.bt_l2cap_connected
                0x00008744       0xac zephyr/subsys/bluetooth/host/libsubsys__bluetooth__host.a(l2cap.c.obj)
                0x00008744                bt_l2cap_connected
 .text.l2cap_recv
                0x000087f0       0xe4 zephyr/subsys/bluetooth/host/libsubsys__bluetooth__host.a(l2cap.c.obj)
 .text.bt_l2cap_recv
                0x000088d4       0x70 zephyr/subsys/bluetooth/host/libsubsys__bluetooth__host.a(l2cap.c.obj)
                0x000088d4                bt_l2cap_recv
 .text.bt_l2cap_update_conn_param
                0x00008944       0x5c zephyr/subsys/bluetooth/host/libsubsys__bluetooth__host.a(l2cap.c.obj)
                0x00008944                bt_l2cap_update_conn_param
 .text.att_cfm_sent
                0x000089a0       0x10 zephyr/subsys/bluetooth/host/libsubsys__bluetooth__host.a(att.c.obj)
 .text.att_rsp_sent
                0x000089b0       0x10 zephyr/subsys/bluetooth/host/libsubsys__bluetooth__host.a(att.c.obj)
 .text.att_req_sent
                0x000089c0       0x10 zephyr/subsys/bluetooth/host/libsubsys__bluetooth__host.a(att.c.obj)
 .text.bt_att_released
                0x000089d0       0x18 zephyr/subsys/bluetooth/host/libsubsys__bluetooth__host.a(att.c.obj)
 .text.find_type_cb
                0x000089e8      0x164 zephyr/subsys/bluetooth/host/libsubsys__bluetooth__host.a(att.c.obj)
 .text.att_get  0x00008b4c       0x7c zephyr/subsys/bluetooth/host/libsubsys__bluetooth__host.a(att.c.obj)
 .text.chan_req_sent
                0x00008bc8       0x1c zephyr/subsys/bluetooth/host/libsubsys__bluetooth__host.a(att.c.obj)
 .text.bt_att_accept
                0x00008be4       0xd0 zephyr/subsys/bluetooth/host/libsubsys__bluetooth__host.a(att.c.obj)
 .text.read_group_cb
                0x00008cb4       0xac zephyr/subsys/bluetooth/host/libsubsys__bluetooth__host.a(att.c.obj)
 .text.read_type_cb
                0x00008d60       0xa8 zephyr/subsys/bluetooth/host/libsubsys__bluetooth__host.a(att.c.obj)
 .text.bt_att_connected
                0x00008e08       0x68 zephyr/subsys/bluetooth/host/libsubsys__bluetooth__host.a(att.c.obj)
 .text.prep_write_cb
                0x00008e70       0x84 zephyr/subsys/bluetooth/host/libsubsys__bluetooth__host.a(att.c.obj)
 .text.chan_send
                0x00008ef4       0xec zephyr/subsys/bluetooth/host/libsubsys__bluetooth__host.a(att.c.obj)
 .text.bt_att_chan_create_pdu
                0x00008fe0       0x88 zephyr/subsys/bluetooth/host/libsubsys__bluetooth__host.a(att.c.obj)
                0x00008fe0                bt_att_chan_create_pdu
 .text.send_err_rsp.part.0
                0x00009068       0x40 zephyr/subsys/bluetooth/host/libsubsys__bluetooth__host.a(att.c.obj)
 .text.bt_att_recv
                0x000090a8      0x150 zephyr/subsys/bluetooth/host/libsubsys__bluetooth__host.a(att.c.obj)
 .text.att_write_rsp
                0x000091f8       0xd0 zephyr/subsys/bluetooth/host/libsubsys__bluetooth__host.a(att.c.obj)
 .text.att_signed_write_cmd
                0x000092c8       0x7c zephyr/subsys/bluetooth/host/libsubsys__bluetooth__host.a(att.c.obj)
 .text.bt_att_create_pdu
                0x00009344       0x70 zephyr/subsys/bluetooth/host/libsubsys__bluetooth__host.a(att.c.obj)
                0x00009344                bt_att_create_pdu
 .text.att_exec_write_req
                0x000093b4       0x84 zephyr/subsys/bluetooth/host/libsubsys__bluetooth__host.a(att.c.obj)
 .text.att_prepare_write_req
                0x00009438       0xe4 zephyr/subsys/bluetooth/host/libsubsys__bluetooth__host.a(att.c.obj)
 .text.att_read_group_req
                0x0000951c      0x108 zephyr/subsys/bluetooth/host/libsubsys__bluetooth__host.a(att.c.obj)
 .text.att_read_mult_req
                0x00009624       0x8c zephyr/subsys/bluetooth/host/libsubsys__bluetooth__host.a(att.c.obj)
 .text.att_read_rsp
                0x000096b0       0x94 zephyr/subsys/bluetooth/host/libsubsys__bluetooth__host.a(att.c.obj)
 .text.att_read_type_req
                0x00009744       0xc8 zephyr/subsys/bluetooth/host/libsubsys__bluetooth__host.a(att.c.obj)
 .text.att_find_type_req
                0x0000980c       0xdc zephyr/subsys/bluetooth/host/libsubsys__bluetooth__host.a(att.c.obj)
 .text.att_find_info_req
                0x000098e8       0x78 zephyr/subsys/bluetooth/host/libsubsys__bluetooth__host.a(att.c.obj)
 .text.att_mtu_req
                0x00009960       0x68 zephyr/subsys/bluetooth/host/libsubsys__bluetooth__host.a(att.c.obj)
 .text.bt_att_req_alloc
                0x000099c8       0x2c zephyr/subsys/bluetooth/host/libsubsys__bluetooth__host.a(att.c.obj)
                0x000099c8                bt_att_req_alloc
 .text.bt_att_req_free
                0x000099f4       0x18 zephyr/subsys/bluetooth/host/libsubsys__bluetooth__host.a(att.c.obj)
                0x000099f4                bt_att_req_free
 .text.att_handle_rsp
                0x00009a0c       0xf4 zephyr/subsys/bluetooth/host/libsubsys__bluetooth__host.a(att.c.obj)
 .text.bt_att_encrypt_change
                0x00009b00       0x78 zephyr/subsys/bluetooth/host/libsubsys__bluetooth__host.a(att.c.obj)
 .text.att_reset
                0x00009b78       0x78 zephyr/subsys/bluetooth/host/libsubsys__bluetooth__host.a(att.c.obj)
 .text.att_timeout
                0x00009bf0       0x48 zephyr/subsys/bluetooth/host/libsubsys__bluetooth__host.a(att.c.obj)
 .text.db_hash_store
                0x00009c38       0x40 zephyr/subsys/bluetooth/host/libsubsys__bluetooth__host.a(gatt.c.obj)
 .text.db_hash_set
                0x00009c78       0x40 zephyr/subsys/bluetooth/host/libsubsys__bluetooth__host.a(gatt.c.obj)
 .text.sc_store
                0x00009cb8       0x64 zephyr/subsys/bluetooth/host/libsubsys__bluetooth__host.a(gatt.c.obj)
 .text.gatt_send.constprop.0
                0x00009d1c       0x78 zephyr/subsys/bluetooth/host/libsubsys__bluetooth__host.a(gatt.c.obj)
 .text.gatt_indicate
                0x00009d94       0x80 zephyr/subsys/bluetooth/host/libsubsys__bluetooth__host.a(gatt.c.obj)
 .text.ccc_load
                0x00009e14       0x8c zephyr/subsys/bluetooth/host/libsubsys__bluetooth__host.a(gatt.c.obj)
 .text.ccc_save
                0x00009ea0       0x38 zephyr/subsys/bluetooth/host/libsubsys__bluetooth__host.a(gatt.c.obj)
 .text.remove_peer_from_attr
                0x00009ed8       0x28 zephyr/subsys/bluetooth/host/libsubsys__bluetooth__host.a(gatt.c.obj)
 .text.bt_gatt_attr_write_ccc
                0x00009f00       0xc4 zephyr/subsys/bluetooth/host/libsubsys__bluetooth__host.a(gatt.c.obj)
                0x00009f00                bt_gatt_attr_write_ccc
 .text.sc_commit
                0x00009fc4       0x34 zephyr/subsys/bluetooth/host/libsubsys__bluetooth__host.a(gatt.c.obj)
 .text.find_sc_cfg
                0x00009ff8       0x44 zephyr/subsys/bluetooth/host/libsubsys__bluetooth__host.a(gatt.c.obj)
 .text.sc_save  0x0000a03c       0x88 zephyr/subsys/bluetooth/host/libsubsys__bluetooth__host.a(gatt.c.obj)
 .text.sc_set   0x0000a0c4      0x108 zephyr/subsys/bluetooth/host/libsubsys__bluetooth__host.a(gatt.c.obj)
 .text.find_cf_cfg_by_addr
                0x0000a1cc       0x44 zephyr/subsys/bluetooth/host/libsubsys__bluetooth__host.a(gatt.c.obj)
 .text.gatt_notify
                0x0000a210       0x74 zephyr/subsys/bluetooth/host/libsubsys__bluetooth__host.a(gatt.c.obj)
 .text.notify_cb
                0x0000a284       0xe0 zephyr/subsys/bluetooth/host/libsubsys__bluetooth__host.a(gatt.c.obj)
 .text.find_cf_cfg
                0x0000a364       0x60 zephyr/subsys/bluetooth/host/libsubsys__bluetooth__host.a(gatt.c.obj)
 .text.cf_write
                0x0000a3c4       0xc0 zephyr/subsys/bluetooth/host/libsubsys__bluetooth__host.a(gatt.c.obj)
 .text.sc_indicate_rsp
                0x0000a484       0x4c zephyr/subsys/bluetooth/host/libsubsys__bluetooth__host.a(gatt.c.obj)
 .text.cf_set   0x0000a4d0       0xfc zephyr/subsys/bluetooth/host/libsubsys__bluetooth__host.a(gatt.c.obj)
 .text.read_ppcp
                0x0000a5cc       0x38 zephyr/subsys/bluetooth/host/libsubsys__bluetooth__host.a(gatt.c.obj)
 .text.bt_gatt_clear_sc
                0x0000a604       0x70 zephyr/subsys/bluetooth/host/libsubsys__bluetooth__host.a(gatt.c.obj)
 .text.sc_clear
                0x0000a674       0x58 zephyr/subsys/bluetooth/host/libsubsys__bluetooth__host.a(gatt.c.obj)
 .text.disconnected_cb
                0x0000a6cc       0x8c zephyr/subsys/bluetooth/host/libsubsys__bluetooth__host.a(gatt.c.obj)
 .text.bt_gatt_init
                0x0000a758       0xb8 zephyr/subsys/bluetooth/host/libsubsys__bluetooth__host.a(gatt.c.obj)
                0x0000a758                bt_gatt_init
 .text.bt_gatt_attr_get_handle
                0x0000a810       0x60 zephyr/subsys/bluetooth/host/libsubsys__bluetooth__host.a(gatt.c.obj)
                0x0000a810                bt_gatt_attr_get_handle
 .text.bt_gatt_foreach_attr_type
                0x0000a870       0xb4 zephyr/subsys/bluetooth/host/libsubsys__bluetooth__host.a(gatt.c.obj)
                0x0000a870                bt_gatt_foreach_attr_type
 .text.db_hash_gen
                0x0000a924       0x98 zephyr/subsys/bluetooth/host/libsubsys__bluetooth__host.a(gatt.c.obj)
 .text.db_hash_commit
                0x0000a9bc       0xb0 zephyr/subsys/bluetooth/host/libsubsys__bluetooth__host.a(gatt.c.obj)
 .text.ccc_set_direct
                0x0000aa6c      0x110 zephyr/subsys/bluetooth/host/libsubsys__bluetooth__host.a(gatt.c.obj)
 .text.bt_gatt_indicate
                0x0000ab7c       0xf0 zephyr/subsys/bluetooth/host/libsubsys__bluetooth__host.a(gatt.c.obj)
                0x0000ab7c                bt_gatt_indicate
 .text.sc_process
                0x0000ac6c       0x5c zephyr/subsys/bluetooth/host/libsubsys__bluetooth__host.a(gatt.c.obj)
 .text.update_ccc
                0x0000acc8      0x124 zephyr/subsys/bluetooth/host/libsubsys__bluetooth__host.a(gatt.c.obj)
 .text.bt_gatt_connected
                0x0000adec       0x78 zephyr/subsys/bluetooth/host/libsubsys__bluetooth__host.a(gatt.c.obj)
                0x0000adec                bt_gatt_connected
 .text.bt_gatt_encrypt_change
                0x0000ae64       0x20 zephyr/subsys/bluetooth/host/libsubsys__bluetooth__host.a(gatt.c.obj)
                0x0000ae64                bt_gatt_encrypt_change
 .text.db_hash_read
                0x0000ae84       0x50 zephyr/subsys/bluetooth/host/libsubsys__bluetooth__host.a(gatt.c.obj)
 .text.bt_gatt_store_ccc
                0x0000aed4       0x88 zephyr/subsys/bluetooth/host/libsubsys__bluetooth__host.a(gatt.c.obj)
                0x0000aed4                bt_gatt_store_ccc
 .text.bt_gatt_clear
                0x0000af5c       0x9c zephyr/subsys/bluetooth/host/libsubsys__bluetooth__host.a(gatt.c.obj)
                0x0000af5c                bt_gatt_clear
 .text.bt_gatt_disconnected
                0x0000aff8      0x104 zephyr/subsys/bluetooth/host/libsubsys__bluetooth__host.a(gatt.c.obj)
                0x0000aff8                bt_gatt_disconnected
 .text.get_io_capa
                0x0000b0fc       0x4c zephyr/subsys/bluetooth/host/libsubsys__bluetooth__host.a(smp.c.obj)
 .text.smp_sign_buf
                0x0000b148       0x80 zephyr/subsys/bluetooth/host/libsubsys__bluetooth__host.a(smp.c.obj)
 .text.smp_dhkey_generate
                0x0000b1c8       0x4c zephyr/subsys/bluetooth/host/libsubsys__bluetooth__host.a(smp.c.obj)
 .text.get_auth.isra.0
                0x0000b214       0x3c zephyr/subsys/bluetooth/host/libsubsys__bluetooth__host.a(smp.c.obj)
 .text.smp_chan_get
                0x0000b250       0x30 zephyr/subsys/bluetooth/host/libsubsys__bluetooth__host.a(smp.c.obj)
 .text.bt_smp_accept
                0x0000b280       0x44 zephyr/subsys/bluetooth/host/libsubsys__bluetooth__host.a(smp.c.obj)
 .text.smp_init
                0x0000b2c4       0x3c zephyr/subsys/bluetooth/host/libsubsys__bluetooth__host.a(smp.c.obj)
 .text.smp_send.isra.0
                0x0000b300       0x30 zephyr/subsys/bluetooth/host/libsubsys__bluetooth__host.a(smp.c.obj)
 .text.smp_find
                0x0000b330       0x1c zephyr/subsys/bluetooth/host/libsubsys__bluetooth__host.a(smp.c.obj)
 .text.smp_send_pairing_confirm
                0x0000b34c       0xa4 zephyr/subsys/bluetooth/host/libsubsys__bluetooth__host.a(smp.c.obj)
 .text.compute_and_check_and_send_slave_dhcheck
                0x0000b3f0      0x23c zephyr/subsys/bluetooth/host/libsubsys__bluetooth__host.a(smp.c.obj)
 .text.smp_public_key_slave
                0x0000b62c      0x164 zephyr/subsys/bluetooth/host/libsubsys__bluetooth__host.a(smp.c.obj)
 .text.smp_public_key
                0x0000b790       0xb0 zephyr/subsys/bluetooth/host/libsubsys__bluetooth__host.a(smp.c.obj)
 .text.smp_ident_info
                0x0000b840       0x70 zephyr/subsys/bluetooth/host/libsubsys__bluetooth__host.a(smp.c.obj)
 .text.smp_encrypt_info
                0x0000b8b0       0x70 zephyr/subsys/bluetooth/host/libsubsys__bluetooth__host.a(smp.c.obj)
 .text.smp_pairing_req
                0x0000b920      0x3d8 zephyr/subsys/bluetooth/host/libsubsys__bluetooth__host.a(smp.c.obj)
 .text.bt_smp_connected
                0x0000bcf8       0x24 zephyr/subsys/bluetooth/host/libsubsys__bluetooth__host.a(smp.c.obj)
 .text.smp_pairing_complete
                0x0000bd1c       0xa4 zephyr/subsys/bluetooth/host/libsubsys__bluetooth__host.a(smp.c.obj)
 .text.bt_smp_recv
                0x0000bdc0      0x118 zephyr/subsys/bluetooth/host/libsubsys__bluetooth__host.a(smp.c.obj)
 .text.bt_smp_pkey_ready
                0x0000bed8       0x64 zephyr/subsys/bluetooth/host/libsubsys__bluetooth__host.a(smp.c.obj)
 .text.smp_pairing_failed
                0x0000bf3c       0x68 zephyr/subsys/bluetooth/host/libsubsys__bluetooth__host.a(smp.c.obj)
 .text.smp_timeout
                0x0000bfa4       0x3c zephyr/subsys/bluetooth/host/libsubsys__bluetooth__host.a(smp.c.obj)
 .text.smp_signing_info
                0x0000bfe0       0x80 zephyr/subsys/bluetooth/host/libsubsys__bluetooth__host.a(smp.c.obj)
 .text.smp_master_ident
                0x0000c060       0xa8 zephyr/subsys/bluetooth/host/libsubsys__bluetooth__host.a(smp.c.obj)
 .text.bt_smp_encrypt_change
                0x0000c108      0x308 zephyr/subsys/bluetooth/host/libsubsys__bluetooth__host.a(smp.c.obj)
 .text.smp_pairing_confirm
                0x0000c410       0x90 zephyr/subsys/bluetooth/host/libsubsys__bluetooth__host.a(smp.c.obj)
 .text.smp_pairing_random
                0x0000c4a0      0x27c zephyr/subsys/bluetooth/host/libsubsys__bluetooth__host.a(smp.c.obj)
 .text.smp_ident_addr_info
                0x0000c71c      0x13c zephyr/subsys/bluetooth/host/libsubsys__bluetooth__host.a(smp.c.obj)
 .text.bt_smp_sign_verify
                0x0000c858       0xf8 zephyr/subsys/bluetooth/host/libsubsys__bluetooth__host.a(smp.c.obj)
                0x0000c858                bt_smp_sign_verify
 .text.bt_smp_sign
                0x0000c950       0xb4 zephyr/subsys/bluetooth/host/libsubsys__bluetooth__host.a(smp.c.obj)
                0x0000c950                bt_smp_sign
 .text.bt_smp_start_security
                0x0000ca04      0x17c zephyr/subsys/bluetooth/host/libsubsys__bluetooth__host.a(smp.c.obj)
                0x0000ca04                bt_smp_start_security
 .text.bt_smp_update_keys
                0x0000cb80      0x120 zephyr/subsys/bluetooth/host/libsubsys__bluetooth__host.a(smp.c.obj)
                0x0000cb80                bt_smp_update_keys
 .text.bt_smp_init
                0x0000cca0       0x2c zephyr/subsys/bluetooth/host/libsubsys__bluetooth__host.a(smp.c.obj)
                0x0000cca0                bt_smp_init
 .text.bt_keys_get_addr
                0x0000cccc       0x8c zephyr/subsys/bluetooth/host/libsubsys__bluetooth__host.a(keys.c.obj)
                0x0000cccc                bt_keys_get_addr
 .text.bt_foreach_bond
                0x0000cd58       0x2c zephyr/subsys/bluetooth/host/libsubsys__bluetooth__host.a(keys.c.obj)
                0x0000cd58                bt_foreach_bond
 .text.bt_keys_foreach
                0x0000cd84       0x1c zephyr/subsys/bluetooth/host/libsubsys__bluetooth__host.a(keys.c.obj)
                0x0000cd84                bt_keys_foreach
 .text.keys_commit
                0x0000cda0       0x14 zephyr/subsys/bluetooth/host/libsubsys__bluetooth__host.a(keys.c.obj)
 .text.bt_keys_find
                0x0000cdb4       0x2c zephyr/subsys/bluetooth/host/libsubsys__bluetooth__host.a(keys.c.obj)
                0x0000cdb4                bt_keys_find
 .text.bt_keys_find_irk
                0x0000cde0       0x74 zephyr/subsys/bluetooth/host/libsubsys__bluetooth__host.a(keys.c.obj)
                0x0000cde0                bt_keys_find_irk
 .text.bt_keys_find_addr
                0x0000ce54       0x20 zephyr/subsys/bluetooth/host/libsubsys__bluetooth__host.a(keys.c.obj)
                0x0000ce54                bt_keys_find_addr
 .text.bt_keys_clear
                0x0000ce74       0x4c zephyr/subsys/bluetooth/host/libsubsys__bluetooth__host.a(keys.c.obj)
                0x0000ce74                bt_keys_clear
 .text.keys_set
                0x0000cec0      0x180 zephyr/subsys/bluetooth/host/libsubsys__bluetooth__host.a(keys.c.obj)
 .text.bt_keys_store
                0x0000d040       0x68 zephyr/subsys/bluetooth/host/libsubsys__bluetooth__host.a(keys.c.obj)
                0x0000d040                bt_keys_store
 .text.bt_keys_update_usage
                0x0000d0a8       0x28 zephyr/subsys/bluetooth/host/libsubsys__bluetooth__host.a(keys.c.obj)
                0x0000d0a8                bt_keys_update_usage
 .text.net_buf_pool_get
                0x0000d0d0       0x10 zephyr/subsys/net/libsubsys__net.a(buf.c.obj)
                0x0000d0d0                net_buf_pool_get
 .text.net_buf_id
                0x0000d0e0       0x20 zephyr/subsys/net/libsubsys__net.a(buf.c.obj)
                0x0000d0e0                net_buf_id
 .text.fixed_data_alloc
                0x0000d100       0x30 zephyr/subsys/net/libsubsys__net.a(buf.c.obj)
 .text.net_buf_alloc_len
                0x0000d130      0x118 zephyr/subsys/net/libsubsys__net.a(buf.c.obj)
                0x0000d130                net_buf_alloc_len
 .text.net_buf_unref
                0x0000d248       0x68 zephyr/subsys/net/libsubsys__net.a(buf.c.obj)
                0x0000d248                net_buf_unref
 .text.gpio_nrfx_init
                0x0000d2b0       0x30 zephyr/drivers/gpio/libdrivers__gpio.a(gpio_nrfx.c.obj)
 .text.gpio_nrfx_config
                0x0000d2e0       0xc0 zephyr/drivers/gpio/libdrivers__gpio.a(gpio_nrfx.c.obj)
 .text.nrf_gpio_cfg_sense_set
                0x0000d3a0       0x30 zephyr/drivers/gpio/libdrivers__gpio.a(gpio_nrfx.c.obj)
 .text.gpio_nrfx_pin_interrupt_configure
                0x0000d3d0      0x1a8 zephyr/drivers/gpio/libdrivers__gpio.a(gpio_nrfx.c.obj)
 .text.gpiote_event_handler
                0x0000d578       0xbc zephyr/drivers/gpio/libdrivers__gpio.a(gpio_nrfx.c.obj)
 .text.vipm_nrf_1_register_callback
                0x0000d634       0x10 zephyr/drivers/ipm/libdrivers__ipm.a(ipm_nrfx_ipc.c.obj)
 .text.vipm_nrf_0_set_enabled
                0x0000d644       0x28 zephyr/drivers/ipm/libdrivers__ipm.a(ipm_nrfx_ipc.c.obj)
 .text.vipm_nrf_0_register_callback
                0x0000d66c       0x20 zephyr/drivers/ipm/libdrivers__ipm.a(ipm_nrfx_ipc.c.obj)
 .text.vipm_nrf_1_send
                0x0000d68c       0x28 zephyr/drivers/ipm/libdrivers__ipm.a(ipm_nrfx_ipc.c.obj)
 .text.vipm_nrf_init
                0x0000d6b4       0x40 zephyr/drivers/ipm/libdrivers__ipm.a(ipm_nrfx_ipc.c.obj)
 .text.vipm_dispatcher
                0x0000d6f4       0x48 zephyr/drivers/ipm/libdrivers__ipm.a(ipm_nrfx_ipc.c.obj)
 .text.vipm_nrf_0_send
                0x0000d73c       0x5c zephyr/drivers/ipm/libdrivers__ipm.a(ipm_nrfx_ipc.c.obj)
 .text.flash_nrf_pages_layout
                0x0000d798       0x10 zephyr/drivers/flash/libdrivers__flash.a(soc_flash_nrf.c.obj)
 .text.flash_nrf_get_parameters
                0x0000d7a8        0x8 zephyr/drivers/flash/libdrivers__flash.a(soc_flash_nrf.c.obj)
 .text.flash_nrf_read
                0x0000d7b0       0x50 zephyr/drivers/flash/libdrivers__flash.a(soc_flash_nrf.c.obj)
 .text.flash_nrf_erase
                0x0000d800       0xa4 zephyr/drivers/flash/libdrivers__flash.a(soc_flash_nrf.c.obj)
 .text.nrf_flash_init
                0x0000d8a4       0x28 zephyr/drivers/flash/libdrivers__flash.a(soc_flash_nrf.c.obj)
 .text.flash_nrf_write
                0x0000d8cc       0xa8 zephyr/drivers/flash/libdrivers__flash.a(soc_flash_nrf.c.obj)
 .text.uarte_nrfx_configure
                0x0000d974      0x180 zephyr/drivers/serial/libdrivers__serial.a(uart_nrfx_uarte.c.obj)
 .text.uarte_nrfx_poll_out
                0x0000daf4       0xb8 zephyr/drivers/serial/libdrivers__serial.a(uart_nrfx_uarte.c.obj)
 .text.nrf_gpio_cfg_output
                0x0000dbac       0x28 zephyr/drivers/serial/libdrivers__serial.a(uart_nrfx_uarte.c.obj)
 .text.nrf_gpio_pin_set
                0x0000dbd4       0x24 zephyr/drivers/serial/libdrivers__serial.a(uart_nrfx_uarte.c.obj)
 .text.uarte_0_init
                0x0000dbf8      0x110 zephyr/drivers/serial/libdrivers__serial.a(uart_nrfx_uarte.c.obj)
 .text.k_sys_fatal_error_handler
                0x0000dd08       0x2c modules/nrf/lib/fatal_error/lib..__nrf__lib__fatal_error.a(fatal_error.c.obj)
                0x0000dd08                k_sys_fatal_error_handler
 .text.nrf53_errata_42
                0x0000dd34       0x28 modules/hal_nordic/libmodules__hal_nordic.a(system_nrf5340_application.c.obj)
 .text.SystemCoreClockUpdate
                0x0000dd5c       0x20 modules/hal_nordic/libmodules__hal_nordic.a(system_nrf5340_application.c.obj)
                0x0000dd5c                SystemCoreClockUpdate
 .text.SystemInit
                0x0000dd7c      0x104 modules/hal_nordic/libmodules__hal_nordic.a(system_nrf5340_application.c.obj)
                0x0000dd7c                SystemInit
 .text.nrfx_clock_init
                0x0000de80       0x20 modules/hal_nordic/libmodules__hal_nordic.a(nrfx_clock.c.obj)
                0x0000de80                nrfx_clock_init
 .text.nrfx_clock_start
                0x0000dea0       0xa8 modules/hal_nordic/libmodules__hal_nordic.a(nrfx_clock.c.obj)
                0x0000dea0                nrfx_clock_start
 .text.nrfx_clock_stop
                0x0000df48       0xdc modules/hal_nordic/libmodules__hal_nordic.a(nrfx_clock.c.obj)
                0x0000df48                nrfx_clock_stop
 .text.nrfx_power_clock_irq_handler
                0x0000e024       0xb0 modules/hal_nordic/libmodules__hal_nordic.a(nrfx_clock.c.obj)
                0x0000e024                nrfx_power_clock_irq_handler
 .text.nrfx_dppi_channel_alloc
                0x0000e0d4       0x38 modules/hal_nordic/libmodules__hal_nordic.a(nrfx_dppi.c.obj)
                0x0000e0d4                nrfx_dppi_channel_alloc
 .text.nrfx_gpiote_channel_free
                0x0000e10c       0x44 modules/hal_nordic/libmodules__hal_nordic.a(nrfx_gpiote.c.obj)
                0x0000e10c                nrfx_gpiote_channel_free
 .text.nrfx_gpiote_channel_alloc
                0x0000e150       0x70 modules/hal_nordic/libmodules__hal_nordic.a(nrfx_gpiote.c.obj)
                0x0000e150                nrfx_gpiote_channel_alloc
 .text.nrfx_ipc_init
                0x0000e1c0       0x30 modules/hal_nordic/libmodules__hal_nordic.a(nrfx_ipc.c.obj)
                0x0000e1c0                nrfx_ipc_init
 .text.nrfx_ipc_config_load
                0x0000e1f0       0x40 modules/hal_nordic/libmodules__hal_nordic.a(nrfx_ipc.c.obj)
                0x0000e1f0                nrfx_ipc_config_load
 .text.nrfx_ipc_receive_event_enable
                0x0000e230       0x10 modules/hal_nordic/libmodules__hal_nordic.a(nrfx_ipc.c.obj)
                0x0000e230                nrfx_ipc_receive_event_enable
 .text.nrfx_ipc_receive_event_disable
                0x0000e240       0x10 modules/hal_nordic/libmodules__hal_nordic.a(nrfx_ipc.c.obj)
                0x0000e240                nrfx_ipc_receive_event_disable
 .text.nrfx_ipc_irq_handler
                0x0000e250       0x40 modules/hal_nordic/libmodules__hal_nordic.a(nrfx_ipc.c.obj)
                0x0000e250                nrfx_ipc_irq_handler
 .text.nvmc_readonly_mode_set
                0x0000e290       0x14 modules/hal_nordic/libmodules__hal_nordic.a(nrfx_nvmc.c.obj)
 .text.nrfx_nvmc_page_erase
                0x0000e2a4       0x3c modules/hal_nordic/libmodules__hal_nordic.a(nrfx_nvmc.c.obj)
                0x0000e2a4                nrfx_nvmc_page_erase
 .text.nrfx_nvmc_word_write
                0x0000e2e0       0x24 modules/hal_nordic/libmodules__hal_nordic.a(nrfx_nvmc.c.obj)
                0x0000e2e0                nrfx_nvmc_word_write
 .text.metal_generic_dev_open
                0x0000e304       0x40 modules/libmetal/libmetal/lib/libmetal.a(device.c.obj)
                0x0000e304                metal_generic_dev_open
 .text.metal_bus_find
                0x0000e344       0x3c modules/libmetal/libmetal/lib/libmetal.a(device.c.obj)
                0x0000e344                metal_bus_find
 .text.metal_bus_register
                0x0000e380       0x68 modules/libmetal/libmetal/lib/libmetal.a(device.c.obj)
                0x0000e380                metal_bus_register
 .text.metal_register_generic_device
                0x0000e3e8       0x40 modules/libmetal/libmetal/lib/libmetal.a(device.c.obj)
                0x0000e3e8                metal_register_generic_device
 .text.metal_init
                0x0000e428       0x40 modules/libmetal/libmetal/lib/libmetal.a(init.c.obj)
                0x0000e428                metal_init
 .text.metal_sys_init
                0x0000e468       0x10 modules/libmetal/libmetal/lib/libmetal.a(init.c.obj)
                0x0000e468                metal_sys_init
 .text.metal_zephyr_log_handler
                0x0000e478       0x3c modules/libmetal/libmetal/lib/libmetal.a(log.c.obj)
                0x0000e478                metal_zephyr_log_handler
 .text.virtio_create_virtqueues
                0x0000e4b4       0xa0 modules/open-amp/open-amp/lib/libopen_amp.a(virtio.c.obj)
                0x0000e4b4                virtio_create_virtqueues
 .text.virtqueue_add_consumed_buffer
                0x0000e554       0x38 modules/open-amp/open-amp/lib/libopen_amp.a(virtqueue.c.obj)
                0x0000e554                virtqueue_add_consumed_buffer
 .text.rpmsg_send_offchannel_raw
                0x0000e58c       0x24 modules/open-amp/open-amp/lib/libopen_amp.a(rpmsg.c.obj)
                0x0000e58c                rpmsg_send_offchannel_raw
 .text.rpmsg_create_ept
                0x0000e5b0       0xfc modules/open-amp/open-amp/lib/libopen_amp.a(rpmsg.c.obj)
                0x0000e5b0                rpmsg_create_ept
 .text.rpmsg_virtio_send_offchannel_raw
                0x0000e6ac      0x178 modules/open-amp/open-amp/lib/libopen_amp.a(rpmsg_virtio.c.obj)
 .text.rpmsg_init_vdev
                0x0000e824      0x1c4 modules/open-amp/open-amp/lib/libopen_amp.a(rpmsg_virtio.c.obj)
                0x0000e824                rpmsg_init_vdev
 .text.z_sys_init_run_level
                0x0000e9e8       0x50 zephyr/kernel/libkernel.a(device.c.obj)
                0x0000e9e8                z_sys_init_run_level
 .text.z_device_ready
                0x0000ea38       0x2c zephyr/kernel/libkernel.a(device.c.obj)
                0x0000ea38                z_device_ready
 .text.z_impl_device_get_binding
                0x0000ea64       0x50 zephyr/kernel/libkernel.a(device.c.obj)
                0x0000ea64                z_impl_device_get_binding
 .text.z_impl_z_errno
                0x0000eab4        0xc zephyr/kernel/libkernel.a(errno.c.obj)
                0x0000eab4                z_impl_z_errno
 .text.z_fatal_error
                0x0000eac0       0xc4 zephyr/kernel/libkernel.a(fatal.c.obj)
                0x0000eac0                z_fatal_error
 .text.idle     0x0000eb84       0x60 zephyr/kernel/libkernel.a(idle.c.obj)
                0x0000eb84                idle
 .text.z_bss_zero
                0x0000ebe4       0x14 zephyr/kernel/libkernel.a(init.c.obj)
                0x0000ebe4                z_bss_zero
 .text.bg_thread_main
                0x0000ebf8       0x34 zephyr/kernel/libkernel.a(init.c.obj)
 .text.z_cstart
                0x0000ec2c      0x104 zephyr/kernel/libkernel.a(init.c.obj)
                0x0000ec2c                z_cstart
 .text.statics_init
                0x0000ed30       0x24 zephyr/kernel/libkernel.a(kheap.c.obj)
 .text.init_mem_slab_module
                0x0000ed54       0x44 zephyr/kernel/libkernel.a(mem_slab.c.obj)
 .text.k_mem_slab_alloc
                0x0000ed98       0x64 zephyr/kernel/libkernel.a(mem_slab.c.obj)
                0x0000ed98                k_mem_slab_alloc
 .text.k_mem_slab_free
                0x0000edfc       0x58 zephyr/kernel/libkernel.a(mem_slab.c.obj)
                0x0000edfc                k_mem_slab_free
 .text.z_impl_k_mutex_lock
                0x0000ee54       0xf0 zephyr/kernel/libkernel.a(mutex.c.obj)
                0x0000ee54                z_impl_k_mutex_lock
 .text.z_impl_k_mutex_unlock
                0x0000ef44       0x90 zephyr/kernel/libkernel.a(mutex.c.obj)
                0x0000ef44                z_impl_k_mutex_unlock
 .text.z_impl_k_queue_get
                0x0000efd4       0x68 zephyr/kernel/libkernel.a(queue.c.obj)
                0x0000efd4                z_impl_k_queue_get
 .text.z_reset_time_slice
                0x0000f03c       0x2c zephyr/kernel/libkernel.a(sched.c.obj)
                0x0000f03c                z_reset_time_slice
 .text.k_sched_time_slice_set
                0x0000f068       0x58 zephyr/kernel/libkernel.a(sched.c.obj)
                0x0000f068                k_sched_time_slice_set
 .text.z_reschedule
                0x0000f0c0       0x24 zephyr/kernel/libkernel.a(sched.c.obj)
                0x0000f0c0                z_reschedule
 .text.k_sched_lock
                0x0000f0e4       0x28 zephyr/kernel/libkernel.a(sched.c.obj)
                0x0000f0e4                k_sched_lock
 .text.z_priq_dumb_remove
                0x0000f10c       0x2c zephyr/kernel/libkernel.a(sched.c.obj)
                0x0000f10c                z_priq_dumb_remove
 .text.update_cache
                0x0000f138       0x50 zephyr/kernel/libkernel.a(sched.c.obj)
 .text.k_sched_unlock
                0x0000f188       0x38 zephyr/kernel/libkernel.a(sched.c.obj)
                0x0000f188                k_sched_unlock
 .text.ready_thread
                0x0000f1c0       0x70 zephyr/kernel/libkernel.a(sched.c.obj)
 .text.z_sched_start
                0x0000f230       0x3c zephyr/kernel/libkernel.a(sched.c.obj)
                0x0000f230                z_sched_start
 .text.move_thread_to_end_of_prio_q
                0x0000f26c       0x74 zephyr/kernel/libkernel.a(sched.c.obj)
 .text.z_time_slice
                0x0000f2e0       0x84 zephyr/kernel/libkernel.a(sched.c.obj)
                0x0000f2e0                z_time_slice
 .text.z_impl_k_thread_suspend
                0x0000f364       0x68 zephyr/kernel/libkernel.a(sched.c.obj)
                0x0000f364                z_impl_k_thread_suspend
 .text.z_thread_single_abort
                0x0000f3cc      0x104 zephyr/kernel/libkernel.a(sched.c.obj)
                0x0000f3cc                z_thread_single_abort
 .text.unready_thread
                0x0000f4d0       0x34 zephyr/kernel/libkernel.a(sched.c.obj)
 .text.pend     0x0000f504       0x4c zephyr/kernel/libkernel.a(sched.c.obj)
 .text.z_pend_curr
                0x0000f550       0x28 zephyr/kernel/libkernel.a(sched.c.obj)
                0x0000f550                z_pend_curr
 .text.z_tick_sleep.part.0
                0x0000f578       0x74 zephyr/kernel/libkernel.a(sched.c.obj)
 .text.z_set_prio
                0x0000f5ec       0x88 zephyr/kernel/libkernel.a(sched.c.obj)
                0x0000f5ec                z_set_prio
 .text.z_sched_init
                0x0000f674       0x18 zephyr/kernel/libkernel.a(sched.c.obj)
                0x0000f674                z_sched_init
 .text.z_impl_k_yield
                0x0000f68c       0x9c zephyr/kernel/libkernel.a(sched.c.obj)
                0x0000f68c                z_impl_k_yield
 .text.z_impl_k_sleep
                0x0000f728       0x44 zephyr/kernel/libkernel.a(sched.c.obj)
                0x0000f728                z_impl_k_sleep
 .text.z_impl_k_current_get
                0x0000f76c        0xc zephyr/kernel/libkernel.a(sched.c.obj)
                0x0000f76c                z_impl_k_current_get
 .text.z_impl_k_sem_give
                0x0000f778       0x4c zephyr/kernel/libkernel.a(sem.c.obj)
                0x0000f778                z_impl_k_sem_give
 .text.z_impl_k_sem_take
                0x0000f7c4       0x54 zephyr/kernel/libkernel.a(sem.c.obj)
                0x0000f7c4                z_impl_k_sem_take
 .text.k_sys_work_q_init
                0x0000f818       0x30 zephyr/kernel/libkernel.a(system_work_q.c.obj)
 .text.z_setup_new_thread
                0x0000f848       0x60 zephyr/kernel/libkernel.a(thread.c.obj)
                0x0000f848                z_setup_new_thread
 .text.z_impl_k_thread_create
                0x0000f8a8       0x58 zephyr/kernel/libkernel.a(thread.c.obj)
                0x0000f8a8                z_impl_k_thread_create
 .text.z_init_static_threads
                0x0000f900       0xbc zephyr/kernel/libkernel.a(thread.c.obj)
                0x0000f900                z_init_static_threads
 .text.z_self_abort
                0x0000f9bc       0x28 zephyr/kernel/libkernel.a(thread_abort.c.obj)
                0x0000f9bc                z_self_abort
 .text.k_work_q_start
                0x0000f9e4       0x4c zephyr/kernel/libkernel.a(work_q.c.obj)
                0x0000f9e4                k_work_q_start
 .text.k_delayed_work_submit_to_queue
                0x0000fa30       0x80 zephyr/kernel/libkernel.a(work_q.c.obj)
                0x0000fa30                k_delayed_work_submit_to_queue
 .text.boot_banner
                0x0000fab0       0x18 zephyr/kernel/libkernel.a(banner.c.obj)
                0x0000fab0                boot_banner
 .text.z_data_copy
                0x0000fac8       0x34 zephyr/kernel/libkernel.a(xip.c.obj)
                0x0000fac8                z_data_copy
 .text.elapsed  0x0000fafc       0x14 zephyr/kernel/libkernel.a(timeout.c.obj)
 .text.remove_timeout
                0x0000fb10       0x34 zephyr/kernel/libkernel.a(timeout.c.obj)
 .text.next_timeout
                0x0000fb44       0x58 zephyr/kernel/libkernel.a(timeout.c.obj)
 .text.z_add_timeout
                0x0000fb9c      0x11c zephyr/kernel/libkernel.a(timeout.c.obj)
                0x0000fb9c                z_add_timeout
 .text.z_clock_announce
                0x0000fcb8       0xd4 zephyr/kernel/libkernel.a(timeout.c.obj)
                0x0000fcb8                z_clock_announce
 .text.z_tick_get
                0x0000fd8c       0x34 zephyr/kernel/libkernel.a(timeout.c.obj)
                0x0000fd8c                z_tick_get
 .text.z_timer_expiration_handler
                0x0000fdc0       0x4c zephyr/kernel/libkernel.a(timer.c.obj)
                0x0000fdc0                z_timer_expiration_handler
 .text.z_impl_k_timer_start
                0x0000fe0c       0xb8 zephyr/kernel/libkernel.a(timer.c.obj)
                0x0000fe0c                z_impl_k_timer_start
 .text.z_impl_k_poll
                0x0000fec4       0xb8 zephyr/kernel/libkernel.a(poll.c.obj)
                0x0000fec4                z_impl_k_poll
 .text.z_impl_k_poll_signal_raise
                0x0000ff7c       0x50 zephyr/kernel/libkernel.a(poll.c.obj)
                0x0000ff7c                z_impl_k_poll_signal_raise
 .text.k_aligned_alloc
                0x0000ffcc       0x10 zephyr/kernel/libkernel.a(mempool.c.obj)
                0x0000ffcc                k_aligned_alloc
 .text.z_thread_aligned_alloc
                0x0000ffdc       0x30 zephyr/kernel/libkernel.a(mempool.c.obj)
                0x0000ffdc                z_thread_aligned_alloc
 .text.nrf_cc3xx_platform_init_no_rng
                0x0001000c       0x38 C:/Users/mafio/ncs/v1.5.0/nrfxlib/crypto/nrf_cc312_platform/lib/cortex-m33/soft-float/no-interrupts/libnrf_cc312_platform_0.9.7.a(nrf_cc3xx_platform.c.obj)
                0x0001000c                nrf_cc3xx_platform_init_no_rng
 .text.nrf_cc3xx_platform_abort
                0x00010044       0x24 C:/Users/mafio/ncs/v1.5.0/nrfxlib/crypto/nrf_cc312_platform/lib/cortex-m33/soft-float/no-interrupts/libnrf_cc312_platform_0.9.7.a(nrf_cc3xx_platform_abort.c.obj)
 .text.CC_PalAbort
                0x00010068       0x40 C:/Users/mafio/ncs/v1.5.0/nrfxlib/crypto/nrf_cc312_platform/lib/cortex-m33/soft-float/no-interrupts/libnrf_cc312_platform_0.9.7.a(nrf_cc3xx_platform_abort.c.obj)
                0x00010068                CC_PalAbort
 .text.nrf_cc3xx_platform_set_abort
                0x000100a8       0x10 C:/Users/mafio/ncs/v1.5.0/nrfxlib/crypto/nrf_cc312_platform/lib/cortex-m33/soft-float/no-interrupts/libnrf_cc312_platform_0.9.7.a(nrf_cc3xx_platform_abort.c.obj)
                0x000100a8                nrf_cc3xx_platform_set_abort
 .text.mutex_unlock
                0x000100b8       0x20 C:/Users/mafio/ncs/v1.5.0/nrfxlib/crypto/nrf_cc312_platform/lib/cortex-m33/soft-float/no-interrupts/libnrf_cc312_platform_0.9.7.a(nrf_cc3xx_platform_mutex.c.obj)
 .text.mutex_free
                0x000100d8       0x24 C:/Users/mafio/ncs/v1.5.0/nrfxlib/crypto/nrf_cc312_platform/lib/cortex-m33/soft-float/no-interrupts/libnrf_cc312_platform_0.9.7.a(nrf_cc3xx_platform_mutex.c.obj)
 .text.mutex_init
                0x000100fc       0x20 C:/Users/mafio/ncs/v1.5.0/nrfxlib/crypto/nrf_cc312_platform/lib/cortex-m33/soft-float/no-interrupts/libnrf_cc312_platform_0.9.7.a(nrf_cc3xx_platform_mutex.c.obj)
 .text.mutex_lock
                0x0001011c       0x30 C:/Users/mafio/ncs/v1.5.0/nrfxlib/crypto/nrf_cc312_platform/lib/cortex-m33/soft-float/no-interrupts/libnrf_cc312_platform_0.9.7.a(nrf_cc3xx_platform_mutex.c.obj)
 .text.nrf_cc3xx_platform_set_mutexes
                0x0001014c       0x38 C:/Users/mafio/ncs/v1.5.0/nrfxlib/crypto/nrf_cc312_platform/lib/cortex-m33/soft-float/no-interrupts/libnrf_cc312_platform_0.9.7.a(nrf_cc3xx_platform_mutex.c.obj)
                0x0001014c                nrf_cc3xx_platform_set_mutexes
 .text.CC_LibInitNoRng
                0x00010184       0x24 C:/Users/mafio/ncs/v1.5.0/nrfxlib/crypto/nrf_cc312_platform/lib/cortex-m33/soft-float/no-interrupts/libnrf_cc312_platform_0.9.7.a(cc_lib.c.obj)
                0x00010184                CC_LibInitNoRng
 .text.CC_HalInit
                0x000101a8        0x4 C:/Users/mafio/ncs/v1.5.0/nrfxlib/crypto/nrf_cc312_platform/lib/cortex-m33/soft-float/no-interrupts/libnrf_cc312_platform_0.9.7.a(cc_hal.c.obj)
                0x000101a8                CC_HalInit
 .text.CC_PalInit
                0x000101ac       0x5c C:/Users/mafio/ncs/v1.5.0/nrfxlib/crypto/nrf_cc312_platform/lib/cortex-m33/soft-float/no-interrupts/libnrf_cc312_platform_0.9.7.a(cc_pal.c.obj)
                0x000101ac                CC_PalInit
 .text.CC_PalTerminate
                0x00010208       0x34 C:/Users/mafio/ncs/v1.5.0/nrfxlib/crypto/nrf_cc312_platform/lib/cortex-m33/soft-float/no-interrupts/libnrf_cc312_platform_0.9.7.a(cc_pal.c.obj)
                0x00010208                CC_PalTerminate
 .text.CC_PalDmaInit
                0x0001023c        0x4 C:/Users/mafio/ncs/v1.5.0/nrfxlib/crypto/nrf_cc312_platform/lib/cortex-m33/soft-float/no-interrupts/libnrf_cc312_platform_0.9.7.a(cc_pal_dma.c.obj)
                0x0001023c                CC_PalDmaInit
 .text.CC_PalDmaTerminate
                0x00010240        0x4 C:/Users/mafio/ncs/v1.5.0/nrfxlib/crypto/nrf_cc312_platform/lib/cortex-m33/soft-float/no-interrupts/libnrf_cc312_platform_0.9.7.a(cc_pal_dma.c.obj)
                0x00010240                CC_PalDmaTerminate
 .text.CC_PalMutexCreate
                0x00010244       0x14 C:/Users/mafio/ncs/v1.5.0/nrfxlib/crypto/nrf_cc312_platform/lib/cortex-m33/soft-float/no-interrupts/libnrf_cc312_platform_0.9.7.a(cc_pal_mutex.c.obj)
                0x00010244                CC_PalMutexCreate
 .text.CC_PalMutexDestroy
                0x00010258       0x14 C:/Users/mafio/ncs/v1.5.0/nrfxlib/crypto/nrf_cc312_platform/lib/cortex-m33/soft-float/no-interrupts/libnrf_cc312_platform_0.9.7.a(cc_pal_mutex.c.obj)
                0x00010258                CC_PalMutexDestroy
 .text.CC_PalPowerSaveModeInit
                0x0001026c       0x3c C:/Users/mafio/ncs/v1.5.0/nrfxlib/crypto/nrf_cc312_platform/lib/cortex-m33/soft-float/no-interrupts/libnrf_cc312_platform_0.9.7.a(cc_pal_pm.c.obj)
                0x0001026c                CC_PalPowerSaveModeInit
 .text.vnd_ccc_cfg_changed
                0x000102a8        0x2 app/libapp.a(main.c.obj)
 .text.read_otown
                0x000102aa       0x34 app/libapp.a(main.c.obj)
 .text.gpio_pin_set.constprop.0
                0x000102de       0x1e app/libapp.a(main.c.obj)
 .text.u8_to_dec
                0x000102fc       0x42 zephyr/libzephyr.a(dec.c.obj)
                0x000102fc                u8_to_dec
 .text.char2hex
                0x0001033e       0x30 zephyr/libzephyr.a(hex.c.obj)
                0x0001033e                char2hex
 .text.hex2bin  0x0001036e       0x74 zephyr/libzephyr.a(hex.c.obj)
                0x0001036e                hex2bin
 .text.sys_notify_validate
                0x000103e2       0x28 zephyr/libzephyr.a(notify.c.obj)
                0x000103e2                sys_notify_validate
 .text.sys_notify_finalize
                0x0001040a       0x32 zephyr/libzephyr.a(notify.c.obj)
                0x0001040a                sys_notify_finalize
 .text.arch_printk_char_out
                0x0001043c        0x4 zephyr/libzephyr.a(printk.c.obj)
                0x0001043c                arch_printk_char_out
 .text.str_out  0x00010440       0x26 zephyr/libzephyr.a(printk.c.obj)
 .text.printk   0x00010466       0x1a zephyr/libzephyr.a(printk.c.obj)
                0x00010466                printk
 .text.snprintk
                0x00010480       0x1a zephyr/libzephyr.a(printk.c.obj)
                0x00010480                snprintk
 .text.process_recheck
                0x0001049a       0x38 zephyr/libzephyr.a(onoff.c.obj)
 .text.notify_one
                0x000104d2       0x2c zephyr/libzephyr.a(onoff.c.obj)
 .text.transition_complete
                0x000104fe       0x1c zephyr/libzephyr.a(onoff.c.obj)
 .text.validate_args
                0x0001051a       0x1e zephyr/libzephyr.a(onoff.c.obj)
 .text.onoff_manager_init
                0x00010538       0x26 zephyr/libzephyr.a(onoff.c.obj)
                0x00010538                onoff_manager_init
 .text.onoff_request
                0x0001055e       0x92 zephyr/libzephyr.a(onoff.c.obj)
                0x0001055e                onoff_request
 .text.z_thread_entry
                0x000105f0       0x14 zephyr/libzephyr.a(thread_entry.c.obj)
                0x000105f0                z_thread_entry
 .text.z_work_q_main
                0x00010604       0x3a zephyr/libzephyr.a(work_q.c.obj)
                0x00010604                z_work_q_main
 .text.chunk_field
                0x0001063e       0x16 zephyr/libzephyr.a(heap.c.obj)
 .text.chunk_set
                0x00010654       0x16 zephyr/libzephyr.a(heap.c.obj)
 .text.chunk_size
                0x0001066a        0xc zephyr/libzephyr.a(heap.c.obj)
 .text.set_chunk_used
                0x00010676       0x30 zephyr/libzephyr.a(heap.c.obj)
 .text.set_chunk_size
                0x000106a6        0x8 zephyr/libzephyr.a(heap.c.obj)
 .text.bucket_idx
                0x000106ae       0x1a zephyr/libzephyr.a(heap.c.obj)
 .text.merge_chunks
                0x000106c8       0x3c zephyr/libzephyr.a(heap.c.obj)
 .text.split_chunks
                0x00010704       0x4e zephyr/libzephyr.a(heap.c.obj)
 .text.free_list_remove_bidx
                0x00010752       0x5e zephyr/libzephyr.a(heap.c.obj)
 .text.alloc_chunk
                0x000107b0       0x82 zephyr/libzephyr.a(heap.c.obj)
 .text.free_list_add
                0x00010832       0x8a zephyr/libzephyr.a(heap.c.obj)
 .text.free_list_remove
                0x000108bc       0x2e zephyr/libzephyr.a(heap.c.obj)
 .text.free_chunk
                0x000108ea       0x84 zephyr/libzephyr.a(heap.c.obj)
 .text.sys_heap_free
                0x0001096e       0x2c zephyr/libzephyr.a(heap.c.obj)
                0x0001096e                sys_heap_free
 .text.sys_heap_alloc
                0x0001099a       0x6e zephyr/libzephyr.a(heap.c.obj)
                0x0001099a                sys_heap_alloc
 .text.sys_heap_aligned_alloc
                0x00010a08       0xba zephyr/libzephyr.a(heap.c.obj)
                0x00010a08                sys_heap_aligned_alloc
 .text.sys_heap_init
                0x00010ac2       0xa4 zephyr/libzephyr.a(heap.c.obj)
                0x00010ac2                sys_heap_init
 .text.encode_uint
                0x00010b66       0x96 zephyr/libzephyr.a(cbprintf_complete.c.obj)
 .text.outs     0x00010bfc       0x2c zephyr/libzephyr.a(cbprintf_complete.c.obj)
 .text._ConfigAbsSyms
                0x00010c28        0x2 zephyr/libzephyr.a(configs.c.obj)
                0x00010c28                _ConfigAbsSyms
 .text.z_platform_init
                0x00010c2a        0x4 zephyr/libzephyr.a(soc.c.obj)
                0x00010c2a                z_platform_init
 .text.log_list_init
                0x00010c2e        0x8 zephyr/libzephyr.a(log_list.c.obj)
                0x00010c2e                log_list_init
 .text.log_list_add_tail
                0x00010c36       0x14 zephyr/libzephyr.a(log_list.c.obj)
                0x00010c36                log_list_add_tail
 .text.log_list_head_peek
                0x00010c4a        0x4 zephyr/libzephyr.a(log_list.c.obj)
                0x00010c4a                log_list_head_peek
 .text.log_list_head_get
                0x00010c4e        0xc zephyr/libzephyr.a(log_list.c.obj)
                0x00010c4e                log_list_head_get
 .text.z_log_msg_std_alloc
                0x00010c5a       0x12 zephyr/libzephyr.a(log_core.c.obj)
 .text.k_cycle_get_32_wrapper
                0x00010c6c        0x4 zephyr/libzephyr.a(log_core.c.obj)
 .text.dummy_timestamp
                0x00010c70        0x4 zephyr/libzephyr.a(log_core.c.obj)
 .text.z_log_get_s_mask
                0x00010c74       0x40 zephyr/libzephyr.a(log_core.c.obj)
                0x00010c74                z_log_get_s_mask
 .text.log_0    0x00010cb4       0x1a zephyr/libzephyr.a(log_core.c.obj)
                0x00010cb4                log_0
 .text.log_1    0x00010cce       0x28 zephyr/libzephyr.a(log_core.c.obj)
                0x00010cce                log_1
 .text.log_2    0x00010cf6       0x32 zephyr/libzephyr.a(log_core.c.obj)
                0x00010cf6                log_2
 .text.log_3    0x00010d28       0x38 zephyr/libzephyr.a(log_core.c.obj)
                0x00010d28                log_3
 .text.log_n    0x00010d60       0x16 zephyr/libzephyr.a(log_core.c.obj)
                0x00010d60                log_n
 .text.log_msg_hexdump_data_op
                0x00010d76       0xac zephyr/libzephyr.a(log_msg.c.obj)
 .text.log_msg_get
                0x00010e22       0x12 zephyr/libzephyr.a(log_msg.c.obj)
                0x00010e22                log_msg_get
 .text.log_msg_nargs_get
                0x00010e34        0x6 zephyr/libzephyr.a(log_msg.c.obj)
                0x00010e34                log_msg_nargs_get
 .text.log_msg_arg_get
                0x00010e3a       0x3e zephyr/libzephyr.a(log_msg.c.obj)
                0x00010e3a                log_msg_arg_get
 .text.log_msg_put
                0x00010e78       0x1e zephyr/libzephyr.a(log_msg.c.obj)
                0x00010e78                log_msg_put
 .text.log_msg_str_get
                0x00010e96        0x4 zephyr/libzephyr.a(log_msg.c.obj)
                0x00010e96                log_msg_str_get
 .text.log_msg_create_n
                0x00010e9a       0xa8 zephyr/libzephyr.a(log_msg.c.obj)
                0x00010e9a                log_msg_create_n
 .text.log_msg_hexdump_data_get
                0x00010f42        0xe zephyr/libzephyr.a(log_msg.c.obj)
                0x00010f42                log_msg_hexdump_data_get
 .text.buffer_write
                0x00010f50       0x1a zephyr/libzephyr.a(log_output.c.obj)
 .text.std_print